Archive member included to satisfy reference by file (symbol)

c:/st/stm32cubeide_1.6.0/stm32cubeide/plugins/com.st.stm32cube.ide.mcu.externaltools.gnu-tools-for-stm32.9-2020-q2-update.win32_1.5.0.202011040924/tools/bin/../lib/gcc/arm-none-eabi/9.3.1/../../../../arm-none-eabi/lib/thumb/v7-m/nofp\libc_nano.a(lib_a-errno.o)
                              Core/Src/syscalls.o (__errno)
c:/st/stm32cubeide_1.6.0/stm32cubeide/plugins/com.st.stm32cube.ide.mcu.externaltools.gnu-tools-for-stm32.9-2020-q2-update.win32_1.5.0.202011040924/tools/bin/../lib/gcc/arm-none-eabi/9.3.1/../../../../arm-none-eabi/lib/thumb/v7-m/nofp\libc_nano.a(lib_a-exit.o)
                              c:/st/stm32cubeide_1.6.0/stm32cubeide/plugins/com.st.stm32cube.ide.mcu.externaltools.gnu-tools-for-stm32.9-2020-q2-update.win32_1.5.0.202011040924/tools/bin/../lib/gcc/arm-none-eabi/9.3.1/../../../../arm-none-eabi/lib/thumb/v7-m/nofp/crt0.o (exit)
c:/st/stm32cubeide_1.6.0/stm32cubeide/plugins/com.st.stm32cube.ide.mcu.externaltools.gnu-tools-for-stm32.9-2020-q2-update.win32_1.5.0.202011040924/tools/bin/../lib/gcc/arm-none-eabi/9.3.1/../../../../arm-none-eabi/lib/thumb/v7-m/nofp\libc_nano.a(lib_a-impure.o)
                              c:/st/stm32cubeide_1.6.0/stm32cubeide/plugins/com.st.stm32cube.ide.mcu.externaltools.gnu-tools-for-stm32.9-2020-q2-update.win32_1.5.0.202011040924/tools/bin/../lib/gcc/arm-none-eabi/9.3.1/../../../../arm-none-eabi/lib/thumb/v7-m/nofp\libc_nano.a(lib_a-exit.o) (_global_impure_ptr)
c:/st/stm32cubeide_1.6.0/stm32cubeide/plugins/com.st.stm32cube.ide.mcu.externaltools.gnu-tools-for-stm32.9-2020-q2-update.win32_1.5.0.202011040924/tools/bin/../lib/gcc/arm-none-eabi/9.3.1/../../../../arm-none-eabi/lib/thumb/v7-m/nofp\libc_nano.a(lib_a-init.o)
                              c:/st/stm32cubeide_1.6.0/stm32cubeide/plugins/com.st.stm32cube.ide.mcu.externaltools.gnu-tools-for-stm32.9-2020-q2-update.win32_1.5.0.202011040924/tools/bin/../lib/gcc/arm-none-eabi/9.3.1/../../../../arm-none-eabi/lib/thumb/v7-m/nofp/crt0.o (__libc_init_array)
c:/st/stm32cubeide_1.6.0/stm32cubeide/plugins/com.st.stm32cube.ide.mcu.externaltools.gnu-tools-for-stm32.9-2020-q2-update.win32_1.5.0.202011040924/tools/bin/../lib/gcc/arm-none-eabi/9.3.1/../../../../arm-none-eabi/lib/thumb/v7-m/nofp\libc_nano.a(lib_a-memset.o)
                              c:/st/stm32cubeide_1.6.0/stm32cubeide/plugins/com.st.stm32cube.ide.mcu.externaltools.gnu-tools-for-stm32.9-2020-q2-update.win32_1.5.0.202011040924/tools/bin/../lib/gcc/arm-none-eabi/9.3.1/../../../../arm-none-eabi/lib/thumb/v7-m/nofp/crt0.o (memset)
c:/st/stm32cubeide_1.6.0/stm32cubeide/plugins/com.st.stm32cube.ide.mcu.externaltools.gnu-tools-for-stm32.9-2020-q2-update.win32_1.5.0.202011040924/tools/bin/../lib/gcc/arm-none-eabi/9.3.1/../../../../arm-none-eabi/lib/thumb/v7-m/nofp\libc_nano.a(lib_a-printf.o)
                              Core/Src/App/appLcdSpeedTest.o (printf)
c:/st/stm32cubeide_1.6.0/stm32cubeide/plugins/com.st.stm32cube.ide.mcu.externaltools.gnu-tools-for-stm32.9-2020-q2-update.win32_1.5.0.202011040924/tools/bin/../lib/gcc/arm-none-eabi/9.3.1/../../../../arm-none-eabi/lib/thumb/v7-m/nofp\libc_nano.a(lib_a-puts.o)
                              Core/Src/App/appLcdSpeedTest.o (puts)
c:/st/stm32cubeide_1.6.0/stm32cubeide/plugins/com.st.stm32cube.ide.mcu.externaltools.gnu-tools-for-stm32.9-2020-q2-update.win32_1.5.0.202011040924/tools/bin/../lib/gcc/arm-none-eabi/9.3.1/../../../../arm-none-eabi/lib/thumb/v7-m/nofp\libc_nano.a(lib_a-random.o)
                              Core/Src/App/appLcdSpeedTest.o (random)
c:/st/stm32cubeide_1.6.0/stm32cubeide/plugins/com.st.stm32cube.ide.mcu.externaltools.gnu-tools-for-stm32.9-2020-q2-update.win32_1.5.0.202011040924/tools/bin/../lib/gcc/arm-none-eabi/9.3.1/../../../../arm-none-eabi/lib/thumb/v7-m/nofp\libc_nano.a(lib_a-strcat.o)
                              Core/Src/App/appLcdSpeedTest.o (strcat)
c:/st/stm32cubeide_1.6.0/stm32cubeide/plugins/com.st.stm32cube.ide.mcu.externaltools.gnu-tools-for-stm32.9-2020-q2-update.win32_1.5.0.202011040924/tools/bin/../lib/gcc/arm-none-eabi/9.3.1/../../../../arm-none-eabi/lib/thumb/v7-m/nofp\libc_nano.a(lib_a-strlen.o)
                              Core/Src/App/appLcdSpeedTest.o (strlen)
c:/st/stm32cubeide_1.6.0/stm32cubeide/plugins/com.st.stm32cube.ide.mcu.externaltools.gnu-tools-for-stm32.9-2020-q2-update.win32_1.5.0.202011040924/tools/bin/../lib/gcc/arm-none-eabi/9.3.1/../../../../arm-none-eabi/lib/thumb/v7-m/nofp\libc_nano.a(lib_a-wbuf.o)
                              c:/st/stm32cubeide_1.6.0/stm32cubeide/plugins/com.st.stm32cube.ide.mcu.externaltools.gnu-tools-for-stm32.9-2020-q2-update.win32_1.5.0.202011040924/tools/bin/../lib/gcc/arm-none-eabi/9.3.1/../../../../arm-none-eabi/lib/thumb/v7-m/nofp\libc_nano.a(lib_a-puts.o) (__swbuf_r)
[...]
Memory Configuration

Name             Origin             Length             Attributes
RAM              0x0000000020000000 0x0000000000005000 xrw
FLASH            0x0000000008000000 0x0000000000010000 xr
*default*        0x0000000000000000 0xffffffffffffffff

Linker script and memory map

LOAD c:/st/stm32cubeide_1.6.0/stm32cubeide/plugins/com.st.stm32cube.ide.mcu.externaltools.gnu-tools-for-stm32.9-2020-q2-update.win32_1.5.0.202011040924/tools/bin/../lib/gcc/arm-none-eabi/9.3.1/thumb/v7-m/nofp/crti.o
LOAD c:/st/stm32cubeide_1.6.0/stm32cubeide/plugins/com.st.stm32cube.ide.mcu.externaltools.gnu-tools-for-stm32.9-2020-q2-update.win32_1.5.0.202011040924/tools/bin/../lib/gcc/arm-none-eabi/9.3.1/thumb/v7-m/nofp/crtbegin.o
LOAD c:/st/stm32cubeide_1.6.0/stm32cubeide/plugins/com.st.stm32cube.ide.mcu.externaltools.gnu-tools-for-stm32.9-2020-q2-update.win32_1.5.0.202011040924/tools/bin/../lib/gcc/arm-none-eabi/9.3.1/../../../../arm-none-eabi/lib/thumb/v7-m/nofp/crt0.o
LOAD Core/Src/App/appLcdSpeedTest.o
LOAD Core/Src/App/beer_60x100_16.o
LOAD Core/Src/Lcd/Fonts/font12.o
LOAD Core/Src/Lcd/Fonts/font16.o
LOAD Core/Src/Lcd/Fonts/font20.o
LOAD Core/Src/Lcd/Fonts/font24.o
LOAD Core/Src/Lcd/Fonts/font8.o
LOAD Core/Src/Lcd/lcd_io_spi.o
LOAD Core/Src/Lcd/st7735.o
LOAD Core/Src/Lcd/stm32_adafruit_lcd.o
LOAD Core/Src/main.o
LOAD Core/Src/stm32f1xx_hal_msp.o
LOAD Core/Src/stm32f1xx_hal_timebase_tim.o
LOAD Core/Src/stm32f1xx_it.o
LOAD Core/Src/syscalls.o
LOAD Core/Src/sysmem.o
LOAD Core/Src/system_stm32f1xx.o
LOAD Core/Startup/startup_stm32f103c8tx.o
LOAD Drivers/STM32F1xx_HAL_Driver/Src/stm32f1xx_hal.o
LOAD Drivers/STM32F1xx_HAL_Driver/Src/stm32f1xx_hal_cortex.o
LOAD Drivers/STM32F1xx_HAL_Driver/Src/stm32f1xx_hal_dma.o
LOAD Drivers/STM32F1xx_HAL_Driver/Src/stm32f1xx_hal_exti.o
LOAD Drivers/STM32F1xx_HAL_Driver/Src/stm32f1xx_hal_flash.o
LOAD Drivers/STM32F1xx_HAL_Driver/Src/stm32f1xx_hal_flash_ex.o
LOAD Drivers/STM32F1xx_HAL_Driver/Src/stm32f1xx_hal_gpio.o
LOAD Drivers/STM32F1xx_HAL_Driver/Src/stm32f1xx_hal_gpio_ex.o
LOAD Drivers/STM32F1xx_HAL_Driver/Src/stm32f1xx_hal_pwr.o
LOAD Drivers/STM32F1xx_HAL_Driver/Src/stm32f1xx_hal_rcc.o
LOAD Drivers/STM32F1xx_HAL_Driver/Src/stm32f1xx_hal_rcc_ex.o
LOAD Drivers/STM32F1xx_HAL_Driver/Src/stm32f1xx_hal_rtc.o
LOAD Drivers/STM32F1xx_HAL_Driver/Src/stm32f1xx_hal_rtc_ex.o
LOAD Drivers/STM32F1xx_HAL_Driver/Src/stm32f1xx_hal_tim.o
LOAD Drivers/STM32F1xx_HAL_Driver/Src/stm32f1xx_hal_tim_ex.o
START GROUP
LOAD c:/st/stm32cubeide_1.6.0/stm32cubeide/plugins/com.st.stm32cube.ide.mcu.externaltools.gnu-tools-for-stm32.9-2020-q2-update.win32_1.5.0.202011040924/tools/bin/../lib/gcc/arm-none-eabi/9.3.1/../../../../arm-none-eabi/lib/thumb/v7-m/nofp\libc_nano.a
LOAD c:/st/stm32cubeide_1.6.0/stm32cubeide/plugins/com.st.stm32cube.ide.mcu.externaltools.gnu-tools-for-stm32.9-2020-q2-update.win32_1.5.0.202011040924/tools/bin/../lib/gcc/arm-none-eabi/9.3.1/../../../../arm-none-eabi/lib/thumb/v7-m/nofp\libm.a
END GROUP
START GROUP
LOAD c:/st/stm32cubeide_1.6.0/stm32cubeide/plugins/com.st.stm32cube.ide.mcu.externaltools.gnu-tools-for-stm32.9-2020-q2-update.win32_1.5.0.202011040924/tools/bin/../lib/gcc/arm-none-eabi/9.3.1/thumb/v7-m/nofp\libgcc.a
LOAD c:/st/stm32cubeide_1.6.0/stm32cubeide/plugins/com.st.stm32cube.ide.mcu.externaltools.gnu-tools-for-stm32.9-2020-q2-update.win32_1.5.0.202011040924/tools/bin/../lib/gcc/arm-none-eabi/9.3.1/../../../../arm-none-eabi/lib/thumb/v7-m/nofp\libc_nano.a
END GROUP
START GROUP
LOAD c:/st/stm32cubeide_1.6.0/stm32cubeide/plugins/com.st.stm32cube.ide.mcu.externaltools.gnu-tools-for-stm32.9-2020-q2-update.win32_1.5.0.202011040924/tools/bin/../lib/gcc/arm-none-eabi/9.3.1/thumb/v7-m/nofp\libgcc.a
LOAD c:/st/stm32cubeide_1.6.0/stm32cubeide/plugins/com.st.stm32cube.ide.mcu.externaltools.gnu-tools-for-stm32.9-2020-q2-update.win32_1.5.0.202011040924/tools/bin/../lib/gcc/arm-none-eabi/9.3.1/../../../../arm-none-eabi/lib/thumb/v7-m/nofp\libc_nano.a
LOAD c:/st/stm32cubeide_1.6.0/stm32cubeide/plugins/com.st.stm32cube.ide.mcu.externaltools.gnu-tools-for-stm32.9-2020-q2-update.win32_1.5.0.202011040924/tools/bin/../lib/gcc/arm-none-eabi/9.3.1/../../../../arm-none-eabi/lib/thumb/v7-m/nofp\libnosys.a
END GROUP
START GROUP
LOAD c:/st/stm32cubeide_1.6.0/stm32cubeide/plugins/com.st.stm32cube.ide.mcu.externaltools.gnu-tools-for-stm32.9-2020-q2-update.win32_1.5.0.202011040924/tools/bin/../lib/gcc/arm-none-eabi/9.3.1/thumb/v7-m/nofp\libgcc.a
LOAD c:/st/stm32cubeide_1.6.0/stm32cubeide/plugins/com.st.stm32cube.ide.mcu.externaltools.gnu-tools-for-stm32.9-2020-q2-update.win32_1.5.0.202011040924/tools/bin/../lib/gcc/arm-none-eabi/9.3.1/../../../../arm-none-eabi/lib/thumb/v7-m/nofp\libc_nano.a
LOAD c:/st/stm32cubeide_1.6.0/stm32cubeide/plugins/com.st.stm32cube.ide.mcu.externaltools.gnu-tools-for-stm32.9-2020-q2-update.win32_1.5.0.202011040924/tools/bin/../lib/gcc/arm-none-eabi/9.3.1/../../../../arm-none-eabi/lib/thumb/v7-m/nofp\libnosys.a
END GROUP
LOAD c:/st/stm32cubeide_1.6.0/stm32cubeide/plugins/com.st.stm32cube.ide.mcu.externaltools.gnu-tools-for-stm32.9-2020-q2-update.win32_1.5.0.202011040924/tools/bin/../lib/gcc/arm-none-eabi/9.3.1/thumb/v7-m/nofp/crtend.o
LOAD c:/st/stm32cubeide_1.6.0/stm32cubeide/plugins/com.st.stm32cube.ide.mcu.externaltools.gnu-tools-for-stm32.9-2020-q2-update.win32_1.5.0.202011040924/tools/bin/../lib/gcc/arm-none-eabi/9.3.1/thumb/v7-m/nofp/crtn.o
                0x0000000020005000                _estack = (ORIGIN (RAM) + LENGTH (RAM))
                0x0000000000000200                _Min_Heap_Size = 0x200
                0x0000000000000800                _Min_Stack_Size = 0x800

.isr_vector     0x0000000008000000      0x10c
                0x0000000008000000                . = ALIGN (0x4)
 *(.isr_vector)
 .isr_vector    0x0000000008000000      0x10c Core/Startup/startup_stm32f103c8tx.o
                0x0000000008000000                g_pfnVectors
                0x000000000800010c                . = ALIGN (0x4)

.text           0x000000000800010c     0x5e58
                0x000000000800010c                . = ALIGN (0x4)
 *(.text)
 .text          0x000000000800010c       0x40 c:/st/stm32cubeide_1.6.0/stm32cubeide/plugins/com.st.stm32cube.ide.mcu.externaltools.gnu-tools-for-stm32.9-2020-q2-update.win32_1.5.0.202011040924/tools/bin/../lib/gcc/arm-none-eabi/9.3.1/thumb/v7-m/nofp/crtbegin.o
 .text          0x000000000800014c       0x10 c:/st/stm32cubeide_1.6.0/stm32cubeide/plugins/com.st.stm32cube.ide.mcu.externaltools.gnu-tools-for-stm32.9-2020-q2-update.win32_1.5.0.202011040924/tools/bin/../lib/gcc/arm-none-eabi/9.3.1/../../../../arm-none-eabi/lib/thumb/v7-m/nofp\libc_nano.a(lib_a-strlen.o)
                0x000000000800014c                strlen
 *(.text*)
 .text.ClearTest
                0x000000000800015c       0x24 Core/Src/App/appLcdSpeedTest.o
                0x000000000800015c                ClearTest
 .text.PixelTest
                0x0000000008000180       0x94 Core/Src/App/appLcdSpeedTest.o
                0x0000000008000180                PixelTest
 .text.LineTest
                0x0000000008000214       0xc8 Core/Src/App/appLcdSpeedTest.o
                0x0000000008000214                LineTest
 .text.FillRectTest
                0x00000000080002dc       0xdc Core/Src/App/appLcdSpeedTest.o
                0x00000000080002dc                FillRectTest
 .text.CharTest
                0x00000000080003b8      0x170 Core/Src/App/appLcdSpeedTest.o
                0x00000000080003b8                CharTest
 .text.CircleTest
                0x0000000008000528       0xf8 Core/Src/App/appLcdSpeedTest.o
                0x0000000008000528                CircleTest
 .text.FillCircleTest
                0x0000000008000620       0xf8 Core/Src/App/appLcdSpeedTest.o
                0x0000000008000620                FillCircleTest
 .text.ColorTest
                0x0000000008000718      0x118 Core/Src/App/appLcdSpeedTest.o
                0x0000000008000718                ColorTest
 .text.BitmapTest
                0x0000000008000830       0x8c Core/Src/App/appLcdSpeedTest.o
                0x0000000008000830                BitmapTest
 .text.ScrollTest
                0x00000000080008bc      0x388 Core/Src/App/appLcdSpeedTest.o
                0x00000000080008bc                ScrollTest
 .text.ReadPixelTest
                0x0000000008000c44      0x140 Core/Src/App/appLcdSpeedTest.o
                0x0000000008000c44                ReadPixelTest
 .text.ReadImageTest
                0x0000000008000d84      0x100 Core/Src/App/appLcdSpeedTest.o
                0x0000000008000d84                ReadImageTest
 .text.utf8rus  0x0000000008000e84       0xf4 Core/Src/App/appLcdSpeedTest.o
                0x0000000008000e84                utf8rus
 .text.mainApp  0x0000000008000f78      0x36c Core/Src/App/appLcdSpeedTest.o
                0x0000000008000f78                mainApp
 .text.__NVIC_EnableIRQ
                0x00000000080012e4       0x38 Core/Src/Lcd/lcd_io_spi.o
 .text.__NVIC_SetPriority
                0x000000000800131c       0x54 Core/Src/Lcd/lcd_io_spi.o
 .text.LcdWrite8
                0x0000000008001370       0x34 Core/Src/Lcd/lcd_io_spi.o
                0x0000000008001370                LcdWrite8
 .text.LcdCmdWrite8
                0x00000000080013a4       0x40 Core/Src/Lcd/lcd_io_spi.o
                0x00000000080013a4                LcdCmdWrite8
 .text.WaitForDmaEnd
                0x00000000080013e4       0x1c Core/Src/Lcd/lcd_io_spi.o
                0x00000000080013e4                WaitForDmaEnd
 .text.DMA1_Channel3_IRQHandler
                0x0000000008001400       0x7c Core/Src/Lcd/lcd_io_spi.o
                0x0000000008001400                DMA1_Channel3_IRQHandler
 .text.LCD_IO_WriteMultiData
                0x000000000800147c       0x88 Core/Src/Lcd/lcd_io_spi.o
                0x000000000800147c                LCD_IO_WriteMultiData
 .text.LCD_IO_WriteMultiData8
                0x0000000008001504       0x9c Core/Src/Lcd/lcd_io_spi.o
                0x0000000008001504                LCD_IO_WriteMultiData8
 .text.LCD_IO_WriteMultiData16
                0x00000000080015a0       0xec Core/Src/Lcd/lcd_io_spi.o
                0x00000000080015a0                LCD_IO_WriteMultiData16
 .text.LCD_IO_Delay
                0x000000000800168c       0x20 Core/Src/Lcd/lcd_io_spi.o
                0x000000000800168c                LCD_IO_Delay
 .text.LCD_Delay
                0x00000000080016ac       0x16 Core/Src/Lcd/lcd_io_spi.o
                0x00000000080016ac                LCD_Delay
 .text.LCD_IO_Bl_OnOff
                0x00000000080016c2       0x14 Core/Src/Lcd/lcd_io_spi.o
                0x00000000080016c2                LCD_IO_Bl_OnOff
 *fill*         0x00000000080016d6        0x2 
 .text.LCD_IO_Init
                0x00000000080016d8       0xf4 Core/Src/Lcd/lcd_io_spi.o
                0x00000000080016d8                LCD_IO_Init
 .text.LCD_IO_WriteCmd8
                0x00000000080017cc       0x38 Core/Src/Lcd/lcd_io_spi.o
                0x00000000080017cc                LCD_IO_WriteCmd8
 .text.LCD_IO_WriteData8
                0x0000000008001804       0x38 Core/Src/Lcd/lcd_io_spi.o
                0x0000000008001804                LCD_IO_WriteData8
 .text.LCD_IO_WriteCmd8DataFill16
                0x000000000800183c       0x4c Core/Src/Lcd/lcd_io_spi.o
                0x000000000800183c                LCD_IO_WriteCmd8DataFill16
 .text.LCD_IO_WriteCmd8MultipleData8
                0x0000000008001888       0x40 Core/Src/Lcd/lcd_io_spi.o
                0x0000000008001888                LCD_IO_WriteCmd8MultipleData8
 .text.LCD_IO_WriteCmd8MultipleData16
                0x00000000080018c8       0x48 Core/Src/Lcd/lcd_io_spi.o
                0x00000000080018c8                LCD_IO_WriteCmd8MultipleData16
 .text.LCD_IO_ReadCmd8MultipleData8
                0x0000000008001910       0x1a Core/Src/Lcd/lcd_io_spi.o
                0x0000000008001910                LCD_IO_ReadCmd8MultipleData8
 .text.LCD_IO_ReadCmd8MultipleData24to16
                0x000000000800192a       0x1a Core/Src/Lcd/lcd_io_spi.o
                0x000000000800192a                LCD_IO_ReadCmd8MultipleData24to16
 .text.st7735_Init
                0x0000000008001944      0x118 Core/Src/Lcd/st7735.o
                0x0000000008001944                st7735_Init
 .text.st7735_DisplayOn
                0x0000000008001a5c       0x14 Core/Src/Lcd/st7735.o
                0x0000000008001a5c                st7735_DisplayOn
 .text.st7735_DisplayOff
                0x0000000008001a70       0x14 Core/Src/Lcd/st7735.o
                0x0000000008001a70                st7735_DisplayOff
 .text.st7735_GetLcdPixelWidth
                0x0000000008001a84        0xe Core/Src/Lcd/st7735.o
                0x0000000008001a84                st7735_GetLcdPixelWidth
 .text.st7735_GetLcdPixelHeight
                0x0000000008001a92        0xe Core/Src/Lcd/st7735.o
                0x0000000008001a92                st7735_GetLcdPixelHeight
 .text.st7735_ReadID
                0x0000000008001aa0       0x34 Core/Src/Lcd/st7735.o
                0x0000000008001aa0                st7735_ReadID
 .text.st7735_SetCursor
                0x0000000008001ad4       0x84 Core/Src/Lcd/st7735.o
                0x0000000008001ad4                st7735_SetCursor
 .text.st7735_WritePixel
                0x0000000008001b58       0x92 Core/Src/Lcd/st7735.o
                0x0000000008001b58                st7735_WritePixel
 .text.st7735_ReadPixel
                0x0000000008001bea       0x94 Core/Src/Lcd/st7735.o
                0x0000000008001bea                st7735_ReadPixel
 *fill*         0x0000000008001c7e        0x2 
 .text.st7735_SetDisplayWindow
                0x0000000008001c80       0xd0 Core/Src/Lcd/st7735.o
                0x0000000008001c80                st7735_SetDisplayWindow
 .text.st7735_DrawHLine
                0x0000000008001d50       0xae Core/Src/Lcd/st7735.o
                0x0000000008001d50                st7735_DrawHLine
 .text.st7735_DrawVLine
                0x0000000008001dfe       0xae Core/Src/Lcd/st7735.o
                0x0000000008001dfe                st7735_DrawVLine
 .text.st7735_FillRect
                0x0000000008001eac       0xc6 Core/Src/Lcd/st7735.o
                0x0000000008001eac                st7735_FillRect
 *fill*         0x0000000008001f72        0x2 
 .text.st7735_DrawBitmap
                0x0000000008001f74       0xdc Core/Src/Lcd/st7735.o
                0x0000000008001f74                st7735_DrawBitmap
 .text.st7735_DrawRGBImage
                0x0000000008002050       0x44 Core/Src/Lcd/st7735.o
                0x0000000008002050                st7735_DrawRGBImage
 .text.st7735_ReadRGBImage
                0x0000000008002094       0x46 Core/Src/Lcd/st7735.o
                0x0000000008002094                st7735_ReadRGBImage
 *fill*         0x00000000080020da        0x2 
 .text.st7735_Scroll
                0x00000000080020dc       0xc0 Core/Src/Lcd/st7735.o
                0x00000000080020dc                st7735_Scroll
 .text.BSP_LCD_Init
                0x000000000800219c       0x40 Core/Src/Lcd/stm32_adafruit_lcd.o
                0x000000000800219c                BSP_LCD_Init
 .text.BSP_LCD_GetXSize
                0x00000000080021dc       0x18 Core/Src/Lcd/stm32_adafruit_lcd.o
                0x00000000080021dc                BSP_LCD_GetXSize
 .text.BSP_LCD_GetYSize
                0x00000000080021f4       0x18 Core/Src/Lcd/stm32_adafruit_lcd.o
                0x00000000080021f4                BSP_LCD_GetYSize
 .text.BSP_LCD_SetTextColor
                0x000000000800220c       0x20 Core/Src/Lcd/stm32_adafruit_lcd.o
                0x000000000800220c                BSP_LCD_SetTextColor
 .text.BSP_LCD_SetBackColor
                0x000000000800222c       0x20 Core/Src/Lcd/stm32_adafruit_lcd.o
                0x000000000800222c                BSP_LCD_SetBackColor
 .text.BSP_LCD_SetFont
                0x000000000800224c       0x1c Core/Src/Lcd/stm32_adafruit_lcd.o
                0x000000000800224c                BSP_LCD_SetFont
 .text.BSP_LCD_GetFont
                0x0000000008002268       0x14 Core/Src/Lcd/stm32_adafruit_lcd.o
                0x0000000008002268                BSP_LCD_GetFont
 .text.BSP_LCD_Clear
                0x000000000800227c       0x3c Core/Src/Lcd/stm32_adafruit_lcd.o
                0x000000000800227c                BSP_LCD_Clear
 .text.BSP_LCD_DisplayChar
                0x00000000080022b8       0x54 Core/Src/Lcd/stm32_adafruit_lcd.o
                0x00000000080022b8                BSP_LCD_DisplayChar
 .text.BSP_LCD_DisplayStringAt
                0x000000000800230c      0x120 Core/Src/Lcd/stm32_adafruit_lcd.o
                0x000000000800230c                BSP_LCD_DisplayStringAt
 .text.BSP_LCD_DisplayStringAtLine
                0x000000000800242c       0x2e Core/Src/Lcd/stm32_adafruit_lcd.o
                0x000000000800242c                BSP_LCD_DisplayStringAtLine
 *fill*         0x000000000800245a        0x2 
 .text.BSP_LCD_DrawPixel
                0x000000000800245c       0x38 Core/Src/Lcd/stm32_adafruit_lcd.o
                0x000000000800245c                BSP_LCD_DrawPixel
 .text.BSP_LCD_DrawHLine
                0x0000000008002494       0x74 Core/Src/Lcd/stm32_adafruit_lcd.o
                0x0000000008002494                BSP_LCD_DrawHLine
 .text.BSP_LCD_DrawVLine
                0x0000000008002508       0x74 Core/Src/Lcd/stm32_adafruit_lcd.o
                0x0000000008002508                BSP_LCD_DrawVLine
 .text.BSP_LCD_DrawLine
                0x000000000800257c      0x184 Core/Src/Lcd/stm32_adafruit_lcd.o
                0x000000000800257c                BSP_LCD_DrawLine
 .text.BSP_LCD_DrawCircle
                0x0000000008002700      0x170 Core/Src/Lcd/stm32_adafruit_lcd.o
                0x0000000008002700                BSP_LCD_DrawCircle
 .text.BSP_LCD_DrawBitmap
                0x0000000008002870       0xb4 Core/Src/Lcd/stm32_adafruit_lcd.o
                0x0000000008002870                BSP_LCD_DrawBitmap
 .text.BSP_LCD_FillRect
                0x0000000008002924       0x48 Core/Src/Lcd/stm32_adafruit_lcd.o
                0x0000000008002924                BSP_LCD_FillRect
 .text.BSP_LCD_FillCircle
                0x000000000800296c      0x118 Core/Src/Lcd/stm32_adafruit_lcd.o
                0x000000000800296c                BSP_LCD_FillCircle
 .text.BSP_LCD_DisplayOn
                0x0000000008002a84       0x14 Core/Src/Lcd/stm32_adafruit_lcd.o
                0x0000000008002a84                BSP_LCD_DisplayOn
 .text.BSP_LCD_DisplayOff
                0x0000000008002a98       0x14 Core/Src/Lcd/stm32_adafruit_lcd.o
                0x0000000008002a98                BSP_LCD_DisplayOff
 .text.DrawChar
                0x0000000008002aac      0x1e4 Core/Src/Lcd/stm32_adafruit_lcd.o
 .text.SetDisplayWindow
                0x0000000008002c90       0x44 Core/Src/Lcd/stm32_adafruit_lcd.o
 .text.BSP_LCD_ReadID
                0x0000000008002cd4       0x24 Core/Src/Lcd/stm32_adafruit_lcd.o
                0x0000000008002cd4                BSP_LCD_ReadID
 .text.BSP_LCD_ReadPixel
                0x0000000008002cf8       0x3c Core/Src/Lcd/stm32_adafruit_lcd.o
                0x0000000008002cf8                BSP_LCD_ReadPixel
 .text.BSP_LCD_DrawRGB16Image
                0x0000000008002d34       0x40 Core/Src/Lcd/stm32_adafruit_lcd.o
                0x0000000008002d34                BSP_LCD_DrawRGB16Image
 .text.BSP_LCD_ReadRGB16Image
                0x0000000008002d74       0x40 Core/Src/Lcd/stm32_adafruit_lcd.o
                0x0000000008002d74                BSP_LCD_ReadRGB16Image
 .text.BSP_LCD_Scroll
                0x0000000008002db4       0x30 Core/Src/Lcd/stm32_adafruit_lcd.o
                0x0000000008002db4                BSP_LCD_Scroll
 .text.ITM_SendChar
                0x0000000008002de4       0x4c Core/Src/main.o
 .text._write   0x0000000008002e30       0x38 Core/Src/main.o
                0x0000000008002e30                _write
 .text.main     0x0000000008002e68       0x1a Core/Src/main.o
                0x0000000008002e68                main
 .text.SystemClock_Config
                0x0000000008002e82       0xba Core/Src/main.o
                0x0000000008002e82                SystemClock_Config
 .text.MX_RTC_Init
                0x0000000008002f3c       0x94 Core/Src/main.o
 .text.MX_GPIO_Init
                0x0000000008002fd0       0x74 Core/Src/main.o
 .text.HAL_TIM_PeriodElapsedCallback
                0x0000000008003044       0x24 Core/Src/main.o
                0x0000000008003044                HAL_TIM_PeriodElapsedCallback
 .text.Error_Handler
                0x0000000008003068        0xc Core/Src/main.o
                0x0000000008003068                Error_Handler
 .text.HAL_MspInit
                0x0000000008003074       0x64 Core/Src/stm32f1xx_hal_msp.o
                0x0000000008003074                HAL_MspInit
 .text.HAL_RTC_MspInit
                0x00000000080030d8       0x48 Core/Src/stm32f1xx_hal_msp.o
                0x00000000080030d8                HAL_RTC_MspInit
 .text.HAL_InitTick
                0x0000000008003120       0xb0 Core/Src/stm32f1xx_hal_timebase_tim.o
                0x0000000008003120                HAL_InitTick
 .text.NMI_Handler
                0x00000000080031d0        0xc Core/Src/stm32f1xx_it.o
                0x00000000080031d0                NMI_Handler
 .text.HardFault_Handler
                0x00000000080031dc        0x6 Core/Src/stm32f1xx_it.o
                0x00000000080031dc                HardFault_Handler
 .text.MemManage_Handler
                0x00000000080031e2        0x6 Core/Src/stm32f1xx_it.o
                0x00000000080031e2                MemManage_Handler
 .text.BusFault_Handler
                0x00000000080031e8        0x6 Core/Src/stm32f1xx_it.o
                0x00000000080031e8                BusFault_Handler
 .text.UsageFault_Handler
                0x00000000080031ee        0x6 Core/Src/stm32f1xx_it.o
                0x00000000080031ee                UsageFault_Handler
 .text.SVC_Handler
                0x00000000080031f4        0xc Core/Src/stm32f1xx_it.o
                0x00000000080031f4                SVC_Handler
 .text.DebugMon_Handler
                0x0000000008003200        0xc Core/Src/stm32f1xx_it.o
                0x0000000008003200                DebugMon_Handler
 .text.PendSV_Handler
                0x000000000800320c        0xc Core/Src/stm32f1xx_it.o
                0x000000000800320c                PendSV_Handler
 .text.SysTick_Handler
                0x0000000008003218        0xc Core/Src/stm32f1xx_it.o
                0x0000000008003218                SysTick_Handler
 .text.TIM4_IRQHandler
                0x0000000008003224       0x14 Core/Src/stm32f1xx_it.o
                0x0000000008003224                TIM4_IRQHandler
 .text._getpid  0x0000000008003238        0xe Core/Src/syscalls.o
                0x0000000008003238                _getpid
 .text._kill    0x0000000008003246       0x20 Core/Src/syscalls.o
                0x0000000008003246                _kill
 .text._exit    0x0000000008003266       0x14 Core/Src/syscalls.o
                0x0000000008003266                _exit
 .text._read    0x000000000800327a       0x3a Core/Src/syscalls.o
                0x000000000800327a                _read
 .text._close   0x00000000080032b4       0x16 Core/Src/syscalls.o
                0x00000000080032b4                _close
 .text._fstat   0x00000000080032ca       0x1e Core/Src/syscalls.o
                0x00000000080032ca                _fstat
 .text._isatty  0x00000000080032e8       0x14 Core/Src/syscalls.o
                0x00000000080032e8                _isatty
 .text._lseek   0x00000000080032fc       0x18 Core/Src/syscalls.o
                0x00000000080032fc                _lseek
 .text._sbrk    0x0000000008003314       0x6c Core/Src/sysmem.o
                0x0000000008003314                _sbrk
 .text.SystemInit
                0x0000000008003380        0xc Core/Src/system_stm32f1xx.o
                0x0000000008003380                SystemInit
 .text.Reset_Handler
                0x000000000800338c       0x48 Core/Startup/startup_stm32f103c8tx.o
                0x000000000800338c                Reset_Handler
 .text.Default_Handler
                0x00000000080033d4        0x2 Core/Startup/startup_stm32f103c8tx.o
                0x00000000080033d4                RTC_Alarm_IRQHandler
                0x00000000080033d4                EXTI2_IRQHandler
                0x00000000080033d4                TIM1_CC_IRQHandler
                0x00000000080033d4                PVD_IRQHandler
                0x00000000080033d4                EXTI3_IRQHandler
                0x00000000080033d4                EXTI0_IRQHandler
                0x00000000080033d4                I2C2_EV_IRQHandler
                0x00000000080033d4                ADC1_2_IRQHandler
                0x00000000080033d4                SPI1_IRQHandler
                0x00000000080033d4                TAMPER_IRQHandler
                0x00000000080033d4                DMA1_Channel4_IRQHandler
                0x00000000080033d4                USART3_IRQHandler
                0x00000000080033d4                RTC_IRQHandler
                0x00000000080033d4                DMA1_Channel7_IRQHandler
                0x00000000080033d4                CAN1_RX1_IRQHandler
                0x00000000080033d4                I2C1_EV_IRQHandler
                0x00000000080033d4                DMA1_Channel6_IRQHandler
                0x00000000080033d4                TIM3_IRQHandler
                0x00000000080033d4                RCC_IRQHandler
                0x00000000080033d4                TIM1_TRG_COM_IRQHandler
                0x00000000080033d4                DMA1_Channel1_IRQHandler
                0x00000000080033d4                Default_Handler
                0x00000000080033d4                EXTI15_10_IRQHandler
                0x00000000080033d4                EXTI9_5_IRQHandler
                0x00000000080033d4                SPI2_IRQHandler
                0x00000000080033d4                DMA1_Channel5_IRQHandler
                0x00000000080033d4                EXTI4_IRQHandler
                0x00000000080033d4                USB_LP_CAN1_RX0_IRQHandler
                0x00000000080033d4                USB_HP_CAN1_TX_IRQHandler
                0x00000000080033d4                TIM1_UP_IRQHandler
                0x00000000080033d4                WWDG_IRQHandler
                0x00000000080033d4                TIM2_IRQHandler
                0x00000000080033d4                TIM1_BRK_IRQHandler
                0x00000000080033d4                EXTI1_IRQHandler
                0x00000000080033d4                USART2_IRQHandler
                0x00000000080033d4                I2C2_ER_IRQHandler
                0x00000000080033d4                DMA1_Channel2_IRQHandler
                0x00000000080033d4                CAN1_SCE_IRQHandler
                0x00000000080033d4                FLASH_IRQHandler
                0x00000000080033d4                USART1_IRQHandler
                0x00000000080033d4                I2C1_ER_IRQHandler
                0x00000000080033d4                USBWakeUp_IRQHandler
 *fill*         0x00000000080033d6        0x2 
 .text.HAL_Init
                0x00000000080033d8       0x2c Drivers/STM32F1xx_HAL_Driver/Src/stm32f1xx_hal.o
                0x00000000080033d8                HAL_Init
 .text.HAL_IncTick
                0x0000000008003404       0x24 Drivers/STM32F1xx_HAL_Driver/Src/stm32f1xx_hal.o
                0x0000000008003404                HAL_IncTick
 .text.HAL_GetTick
                0x0000000008003428       0x14 Drivers/STM32F1xx_HAL_Driver/Src/stm32f1xx_hal.o
                0x0000000008003428                HAL_GetTick
 .text.HAL_Delay
                0x000000000800343c       0x48 Drivers/STM32F1xx_HAL_Driver/Src/stm32f1xx_hal.o
                0x000000000800343c                HAL_Delay
 .text.__NVIC_SetPriorityGrouping
                0x0000000008003484       0x48 Drivers/STM32F1xx_HAL_Driver/Src/stm32f1xx_hal_cortex.o
 .text.__NVIC_GetPriorityGrouping
                0x00000000080034cc       0x1c Drivers/STM32F1xx_HAL_Driver/Src/stm32f1xx_hal_cortex.o
 .text.__NVIC_EnableIRQ
                0x00000000080034e8       0x38 Drivers/STM32F1xx_HAL_Driver/Src/stm32f1xx_hal_cortex.o
 .text.__NVIC_SetPriority
                0x0000000008003520       0x54 Drivers/STM32F1xx_HAL_Driver/Src/stm32f1xx_hal_cortex.o
 .text.NVIC_EncodePriority
                0x0000000008003574       0x64 Drivers/STM32F1xx_HAL_Driver/Src/stm32f1xx_hal_cortex.o
 .text.HAL_NVIC_SetPriorityGrouping
                0x00000000080035d8       0x16 Drivers/STM32F1xx_HAL_Driver/Src/stm32f1xx_hal_cortex.o
                0x00000000080035d8                HAL_NVIC_SetPriorityGrouping
 .text.HAL_NVIC_SetPriority
                0x00000000080035ee       0x38 Drivers/STM32F1xx_HAL_Driver/Src/stm32f1xx_hal_cortex.o
                0x00000000080035ee                HAL_NVIC_SetPriority
 .text.HAL_NVIC_EnableIRQ
                0x0000000008003626       0x1c Drivers/STM32F1xx_HAL_Driver/Src/stm32f1xx_hal_cortex.o
                0x0000000008003626                HAL_NVIC_EnableIRQ
 *fill*         0x0000000008003642        0x2 
 .text.HAL_PWR_EnableBkUpAccess
                0x0000000008003644       0x18 Drivers/STM32F1xx_HAL_Driver/Src/stm32f1xx_hal_pwr.o
                0x0000000008003644                HAL_PWR_EnableBkUpAccess
 .text.HAL_RCC_OscConfig
                0x000000000800365c      0x500 Drivers/STM32F1xx_HAL_Driver/Src/stm32f1xx_hal_rcc.o
                0x000000000800365c                HAL_RCC_OscConfig
 .text.HAL_RCC_ClockConfig
                0x0000000008003b5c      0x1d4 Drivers/STM32F1xx_HAL_Driver/Src/stm32f1xx_hal_rcc.o
                0x0000000008003b5c                HAL_RCC_ClockConfig
 .text.HAL_RCC_GetSysClockFreq
                0x0000000008003d30       0xc0 Drivers/STM32F1xx_HAL_Driver/Src/stm32f1xx_hal_rcc.o
                0x0000000008003d30                HAL_RCC_GetSysClockFreq
 .text.HAL_RCC_GetHCLKFreq
                0x0000000008003df0       0x14 Drivers/STM32F1xx_HAL_Driver/Src/stm32f1xx_hal_rcc.o
                0x0000000008003df0                HAL_RCC_GetHCLKFreq
 .text.HAL_RCC_GetPCLK1Freq
                0x0000000008003e04       0x28 Drivers/STM32F1xx_HAL_Driver/Src/stm32f1xx_hal_rcc.o
                0x0000000008003e04                HAL_RCC_GetPCLK1Freq
 .text.HAL_RCC_GetPCLK2Freq
                0x0000000008003e2c       0x28 Drivers/STM32F1xx_HAL_Driver/Src/stm32f1xx_hal_rcc.o
                0x0000000008003e2c                HAL_RCC_GetPCLK2Freq
 .text.HAL_RCC_GetClockConfig
                0x0000000008003e54       0x60 Drivers/STM32F1xx_HAL_Driver/Src/stm32f1xx_hal_rcc.o
                0x0000000008003e54                HAL_RCC_GetClockConfig
 .text.RCC_Delay
                0x0000000008003eb4       0x3c Drivers/STM32F1xx_HAL_Driver/Src/stm32f1xx_hal_rcc.o
 .text.HAL_RCCEx_PeriphCLKConfig
                0x0000000008003ef0      0x16c Drivers/STM32F1xx_HAL_Driver/Src/stm32f1xx_hal_rcc_ex.o
                0x0000000008003ef0                HAL_RCCEx_PeriphCLKConfig
 .text.HAL_RCCEx_GetPeriphCLKFreq
                0x000000000800405c      0x188 Drivers/STM32F1xx_HAL_Driver/Src/stm32f1xx_hal_rcc_ex.o
                0x000000000800405c                HAL_RCCEx_GetPeriphCLKFreq
 .text.HAL_RTC_Init
                0x00000000080041e4      0x12c Drivers/STM32F1xx_HAL_Driver/Src/stm32f1xx_hal_rtc.o
                0x00000000080041e4                HAL_RTC_Init
 .text.HAL_RTC_SetTime
                0x0000000008004310      0x12e Drivers/STM32F1xx_HAL_Driver/Src/stm32f1xx_hal_rtc.o
                0x0000000008004310                HAL_RTC_SetTime
 *fill*         0x000000000800443e        0x2 
 .text.HAL_RTC_SetDate
                0x0000000008004440      0x16c Drivers/STM32F1xx_HAL_Driver/Src/stm32f1xx_hal_rtc.o
                0x0000000008004440                HAL_RTC_SetDate
 .text.HAL_RTC_WaitForSynchro
                0x00000000080045ac       0x5a Drivers/STM32F1xx_HAL_Driver/Src/stm32f1xx_hal_rtc.o
                0x00000000080045ac                HAL_RTC_WaitForSynchro
 .text.RTC_ReadTimeCounter
                0x0000000008004606       0x60 Drivers/STM32F1xx_HAL_Driver/Src/stm32f1xx_hal_rtc.o
 .text.RTC_WriteTimeCounter
                0x0000000008004666       0x4e Drivers/STM32F1xx_HAL_Driver/Src/stm32f1xx_hal_rtc.o
 .text.RTC_ReadAlarmCounter
                0x00000000080046b4       0x32 Drivers/STM32F1xx_HAL_Driver/Src/stm32f1xx_hal_rtc.o
 .text.RTC_WriteAlarmCounter
                0x00000000080046e6       0x4e Drivers/STM32F1xx_HAL_Driver/Src/stm32f1xx_hal_rtc.o
 .text.RTC_EnterInitMode
                0x0000000008004734       0x50 Drivers/STM32F1xx_HAL_Driver/Src/stm32f1xx_hal_rtc.o
 .text.RTC_ExitInitMode
                0x0000000008004784       0x50 Drivers/STM32F1xx_HAL_Driver/Src/stm32f1xx_hal_rtc.o
 .text.RTC_Bcd2ToByte
                0x00000000080047d4       0x3a Drivers/STM32F1xx_HAL_Driver/Src/stm32f1xx_hal_rtc.o
 *fill*         0x000000000800480e        0x2 
 .text.RTC_WeekDayNum
                0x0000000008004810       0xf0 Drivers/STM32F1xx_HAL_Driver/Src/stm32f1xx_hal_rtc.o
 .text.HAL_TIM_Base_Init
                0x0000000008004900       0x9e Drivers/STM32F1xx_HAL_Driver/Src/stm32f1xx_hal_tim.o
                0x0000000008004900                HAL_TIM_Base_Init
 .text.HAL_TIM_Base_MspInit
                0x000000000800499e       0x12 Drivers/STM32F1xx_HAL_Driver/Src/stm32f1xx_hal_tim.o
                0x000000000800499e                HAL_TIM_Base_MspInit
 .text.HAL_TIM_Base_Start_IT
                0x00000000080049b0       0xa4 Drivers/STM32F1xx_HAL_Driver/Src/stm32f1xx_hal_tim.o
                0x00000000080049b0                HAL_TIM_Base_Start_IT
 .text.HAL_TIM_IRQHandler
                0x0000000008004a54      0x210 Drivers/STM32F1xx_HAL_Driver/Src/stm32f1xx_hal_tim.o
                0x0000000008004a54                HAL_TIM_IRQHandler
 .text.HAL_TIM_OC_DelayElapsedCallback
                0x0000000008004c64       0x12 Drivers/STM32F1xx_HAL_Driver/Src/stm32f1xx_hal_tim.o
                0x0000000008004c64                HAL_TIM_OC_DelayElapsedCallback
 .text.HAL_TIM_IC_CaptureCallback
                0x0000000008004c76       0x12 Drivers/STM32F1xx_HAL_Driver/Src/stm32f1xx_hal_tim.o
                0x0000000008004c76                HAL_TIM_IC_CaptureCallback
 .text.HAL_TIM_PWM_PulseFinishedCallback
                0x0000000008004c88       0x12 Drivers/STM32F1xx_HAL_Driver/Src/stm32f1xx_hal_tim.o
                0x0000000008004c88                HAL_TIM_PWM_PulseFinishedCallback
 .text.HAL_TIM_TriggerCallback
                0x0000000008004c9a       0x12 Drivers/STM32F1xx_HAL_Driver/Src/stm32f1xx_hal_tim.o
                0x0000000008004c9a                HAL_TIM_TriggerCallback
 .text.TIM_Base_SetConfig
                0x0000000008004cac       0xc4 Drivers/STM32F1xx_HAL_Driver/Src/stm32f1xx_hal_tim.o
                0x0000000008004cac                TIM_Base_SetConfig
 .text.HAL_TIMEx_CommutCallback
                0x0000000008004d70       0x12 Drivers/STM32F1xx_HAL_Driver/Src/stm32f1xx_hal_tim_ex.o
                0x0000000008004d70                HAL_TIMEx_CommutCallback
 .text.HAL_TIMEx_BreakCallback
                0x0000000008004d82       0x12 Drivers/STM32F1xx_HAL_Driver/Src/stm32f1xx_hal_tim_ex.o
                0x0000000008004d82                HAL_TIMEx_BreakCallback
 .text.__errno  0x0000000008004d94        0xc c:/st/stm32cubeide_1.6.0/stm32cubeide/plugins/com.st.stm32cube.ide.mcu.externaltools.gnu-tools-for-stm32.9-2020-q2-update.win32_1.5.0.202011040924/tools/bin/../lib/gcc/arm-none-eabi/9.3.1/../../../../arm-none-eabi/lib/thumb/v7-m/nofp\libc_nano.a(lib_a-errno.o)
                0x0000000008004d94                __errno
 .text.__libc_init_array
                0x0000000008004da0       0x48 c:/st/stm32cubeide_1.6.0/stm32cubeide/plugins/com.st.stm32cube.ide.mcu.externaltools.gnu-tools-for-stm32.9-2020-q2-update.win32_1.5.0.202011040924/tools/bin/../lib/gcc/arm-none-eabi/9.3.1/../../../../arm-none-eabi/lib/thumb/v7-m/nofp\libc_nano.a(lib_a-init.o)
                0x0000000008004da0                __libc_init_array
 .text.memset   0x0000000008004de8       0x10 c:/st/stm32cubeide_1.6.0/stm32cubeide/plugins/com.st.stm32cube.ide.mcu.externaltools.gnu-tools-for-stm32.9-2020-q2-update.win32_1.5.0.202011040924/tools/bin/../lib/gcc/arm-none-eabi/9.3.1/../../../../arm-none-eabi/lib/thumb/v7-m/nofp\libc_nano.a(lib_a-memset.o)
                0x0000000008004de8                memset
 .text.printf   0x0000000008004df8       0x30 c:/st/stm32cubeide_1.6.0/stm32cubeide/plugins/com.st.stm32cube.ide.mcu.externaltools.gnu-tools-for-stm32.9-2020-q2-update.win32_1.5.0.202011040924/tools/bin/../lib/gcc/arm-none-eabi/9.3.1/../../../../arm-none-eabi/lib/thumb/v7-m/nofp\libc_nano.a(lib_a-printf.o)
                0x0000000008004df8                iprintf
                0x0000000008004df8                printf
 .text._puts_r  0x0000000008004e28       0xdc c:/st/stm32cubeide_1.6.0/stm32cubeide/plugins/com.st.stm32cube.ide.mcu.externaltools.gnu-tools-for-stm32.9-2020-q2-update.win32_1.5.0.202011040924/tools/bin/../lib/gcc/arm-none-eabi/9.3.1/../../../../arm-none-eabi/lib/thumb/v7-m/nofp\libc_nano.a(lib_a-puts.o)
                0x0000000008004e28                _puts_r
 .text.puts     0x0000000008004f04       0x10 c:/st/stm32cubeide_1.6.0/stm32cubeide/plugins/com.st.stm32cube.ide.mcu.externaltools.gnu-tools-for-stm32.9-2020-q2-update.win32_1.5.0.202011040924/tools/bin/../lib/gcc/arm-none-eabi/9.3.1/../../../../arm-none-eabi/lib/thumb/v7-m/nofp\libc_nano.a(lib_a-puts.o)
                0x0000000008004f04                puts
 .text.random   0x0000000008004f14       0x80 c:/st/stm32cubeide_1.6.0/stm32cubeide/plugins/com.st.stm32cube.ide.mcu.externaltools.gnu-tools-for-stm32.9-2020-q2-update.win32_1.5.0.202011040924/tools/bin/../lib/gcc/arm-none-eabi/9.3.1/../../../../arm-none-eabi/lib/thumb/v7-m/nofp\libc_nano.a(lib_a-random.o)
                0x0000000008004f14                random
 .text.strcat   0x0000000008004f94       0x1e c:/st/stm32cubeide_1.6.0/stm32cubeide/plugins/com.st.stm32cube.ide.mcu.externaltools.gnu-tools-for-stm32.9-2020-q2-update.win32_1.5.0.202011040924/tools/bin/../lib/gcc/arm-none-eabi/9.3.1/../../../../arm-none-eabi/lib/thumb/v7-m/nofp\libc_nano.a(lib_a-strcat.o)
                0x0000000008004f94                strcat
 *fill*         0x0000000008004fb2        0x2 
 .text.__swbuf_r
                0x0000000008004fb4       0xa4 c:/st/stm32cubeide_1.6.0/stm32cubeide/plugins/com.st.stm32cube.ide.mcu.externaltools.gnu-tools-for-stm32.9-2020-q2-update.win32_1.5.0.202011040924/tools/bin/../lib/gcc/arm-none-eabi/9.3.1/../../../../arm-none-eabi/lib/thumb/v7-m/nofp\libc_nano.a(lib_a-wbuf.o)
                0x0000000008004fb4                __swbuf_r
 .text.__swsetup_r
                0x0000000008005058       0xdc c:/st/stm32cubeide_1.6.0/stm32cubeide/plugins/com.st.stm32cube.ide.mcu.externaltools.gnu-tools-for-stm32.9-2020-q2-update.win32_1.5.0.202011040924/tools/bin/../lib/gcc/arm-none-eabi/9.3.1/../../../../arm-none-eabi/lib/thumb/v7-m/nofp\libc_nano.a(lib_a-wsetup.o)
                0x0000000008005058                __swsetup_r
 .text.__assert_func
                0x0000000008005134       0x3c c:/st/stm32cubeide_1.6.0/stm32cubeide/plugins/com.st.stm32cube.ide.mcu.externaltools.gnu-tools-for-stm32.9-2020-q2-update.win32_1.5.0.202011040924/tools/bin/../lib/gcc/arm-none-eabi/9.3.1/../../../../arm-none-eabi/lib/thumb/v7-m/nofp\libc_nano.a(lib_a-assert.o)
                0x0000000008005134                __assert_func
 .text.__sflush_r
                0x0000000008005170      0x10c c:/st/stm32cubeide_1.6.0/stm32cubeide/plugins/com.st.stm32cube.ide.mcu.externaltools.gnu-tools-for-stm32.9-2020-q2-update.win32_1.5.0.202011040924/tools/bin/../lib/gcc/arm-none-eabi/9.3.1/../../../../arm-none-eabi/lib/thumb/v7-m/nofp\libc_nano.a(lib_a-fflush.o)
                0x0000000008005170                __sflush_r
 .text._fflush_r
                0x000000000800527c       0x78 c:/st/stm32cubeide_1.6.0/stm32cubeide/plugins/com.st.stm32cube.ide.mcu.externaltools.gnu-tools-for-stm32.9-2020-q2-update.win32_1.5.0.202011040924/tools/bin/../lib/gcc/arm-none-eabi/9.3.1/../../../../arm-none-eabi/lib/thumb/v7-m/nofp\libc_nano.a(lib_a-fflush.o)
                0x000000000800527c                _fflush_r
 .text.std      0x00000000080052f4       0x48 c:/st/stm32cubeide_1.6.0/stm32cubeide/plugins/com.st.stm32cube.ide.mcu.externaltools.gnu-tools-for-stm32.9-2020-q2-update.win32_1.5.0.202011040924/tools/bin/../lib/gcc/arm-none-eabi/9.3.1/../../../../arm-none-eabi/lib/thumb/v7-m/nofp\libc_nano.a(lib_a-findfp.o)
 .text._cleanup_r
                0x000000000800533c        0xc c:/st/stm32cubeide_1.6.0/stm32cubeide/plugins/com.st.stm32cube.ide.mcu.externaltools.gnu-tools-for-stm32.9-2020-q2-update.win32_1.5.0.202011040924/tools/bin/../lib/gcc/arm-none-eabi/9.3.1/../../../../arm-none-eabi/lib/thumb/v7-m/nofp\libc_nano.a(lib_a-findfp.o)
                0x000000000800533c                _cleanup_r
 .text.__sfmoreglue
                0x0000000008005348       0x2c c:/st/stm32cubeide_1.6.0/stm32cubeide/plugins/com.st.stm32cube.ide.mcu.externaltools.gnu-tools-for-stm32.9-2020-q2-update.win32_1.5.0.202011040924/tools/bin/../lib/gcc/arm-none-eabi/9.3.1/../../../../arm-none-eabi/lib/thumb/v7-m/nofp\libc_nano.a(lib_a-findfp.o)
                0x0000000008005348                __sfmoreglue
 .text.__sfp_lock_acquire
                0x0000000008005374        0xc c:/st/stm32cubeide_1.6.0/stm32cubeide/plugins/com.st.stm32cube.ide.mcu.externaltools.gnu-tools-for-stm32.9-2020-q2-update.win32_1.5.0.202011040924/tools/bin/../lib/gcc/arm-none-eabi/9.3.1/../../../../arm-none-eabi/lib/thumb/v7-m/nofp\libc_nano.a(lib_a-findfp.o)
                0x0000000008005374                __sfp_lock_acquire
 .text.__sfp_lock_release
                0x0000000008005380        0xc c:/st/stm32cubeide_1.6.0/stm32cubeide/plugins/com.st.stm32cube.ide.mcu.externaltools.gnu-tools-for-stm32.9-2020-q2-update.win32_1.5.0.202011040924/tools/bin/../lib/gcc/arm-none-eabi/9.3.1/../../../../arm-none-eabi/lib/thumb/v7-m/nofp\libc_nano.a(lib_a-findfp.o)
                0x0000000008005380                __sfp_lock_release
 .text.__sinit_lock_acquire
                0x000000000800538c        0xc c:/st/stm32cubeide_1.6.0/stm32cubeide/plugins/com.st.stm32cube.ide.mcu.externaltools.gnu-tools-for-stm32.9-2020-q2-update.win32_1.5.0.202011040924/tools/bin/../lib/gcc/arm-none-eabi/9.3.1/../../../../arm-none-eabi/lib/thumb/v7-m/nofp\libc_nano.a(lib_a-findfp.o)
                0x000000000800538c                __sinit_lock_acquire
 .text.__sinit_lock_release
                0x0000000008005398        0xc c:/st/stm32cubeide_1.6.0/stm32cubeide/plugins/com.st.stm32cube.ide.mcu.externaltools.gnu-tools-for-stm32.9-2020-q2-update.win32_1.5.0.202011040924/tools/bin/../lib/gcc/arm-none-eabi/9.3.1/../../../../arm-none-eabi/lib/thumb/v7-m/nofp\libc_nano.a(lib_a-findfp.o)
                0x0000000008005398                __sinit_lock_release
 .text.__sinit  0x00000000080053a4       0x70 c:/st/stm32cubeide_1.6.0/stm32cubeide/plugins/com.st.stm32cube.ide.mcu.externaltools.gnu-tools-for-stm32.9-2020-q2-update.win32_1.5.0.202011040924/tools/bin/../lib/gcc/arm-none-eabi/9.3.1/../../../../arm-none-eabi/lib/thumb/v7-m/nofp\libc_nano.a(lib_a-findfp.o)
                0x00000000080053a4                __sinit
 .text.__sfp    0x0000000008005414       0x8c c:/st/stm32cubeide_1.6.0/stm32cubeide/plugins/com.st.stm32cube.ide.mcu.externaltools.gnu-tools-for-stm32.9-2020-q2-update.win32_1.5.0.202011040924/tools/bin/../lib/gcc/arm-none-eabi/9.3.1/../../../../arm-none-eabi/lib/thumb/v7-m/nofp\libc_nano.a(lib_a-findfp.o)
                0x0000000008005414                __sfp
 .text.fprintf  0x00000000080054a0       0x24 c:/st/stm32cubeide_1.6.0/stm32cubeide/plugins/com.st.stm32cube.ide.mcu.externaltools.gnu-tools-for-stm32.9-2020-q2-update.win32_1.5.0.202011040924/tools/bin/../lib/gcc/arm-none-eabi/9.3.1/../../../../arm-none-eabi/lib/thumb/v7-m/nofp\libc_nano.a(lib_a-fprintf.o)
                0x00000000080054a0                fiprintf
                0x00000000080054a0                fprintf
 .text._fwalk_reent
                0x00000000080054c4       0x3e c:/st/stm32cubeide_1.6.0/stm32cubeide/plugins/com.st.stm32cube.ide.mcu.externaltools.gnu-tools-for-stm32.9-2020-q2-update.win32_1.5.0.202011040924/tools/bin/../lib/gcc/arm-none-eabi/9.3.1/../../../../arm-none-eabi/lib/thumb/v7-m/nofp\libc_nano.a(lib_a-fwalk.o)
                0x00000000080054c4                _fwalk_reent
 .text.__retarget_lock_init_recursive
                0x0000000008005502        0x2 c:/st/stm32cubeide_1.6.0/stm32cubeide/plugins/com.st.stm32cube.ide.mcu.externaltools.gnu-tools-for-stm32.9-2020-q2-update.win32_1.5.0.202011040924/tools/bin/../lib/gcc/arm-none-eabi/9.3.1/../../../../arm-none-eabi/lib/thumb/v7-m/nofp\libc_nano.a(lib_a-lock.o)
                0x0000000008005502                __retarget_lock_init_recursive
 .text.__retarget_lock_acquire_recursive
                0x0000000008005504        0x2 c:/st/stm32cubeide_1.6.0/stm32cubeide/plugins/com.st.stm32cube.ide.mcu.externaltools.gnu-tools-for-stm32.9-2020-q2-update.win32_1.5.0.202011040924/tools/bin/../lib/gcc/arm-none-eabi/9.3.1/../../../../arm-none-eabi/lib/thumb/v7-m/nofp\libc_nano.a(lib_a-lock.o)
                0x0000000008005504                __retarget_lock_acquire_recursive
 .text.__retarget_lock_release_recursive
                0x0000000008005506        0x2 c:/st/stm32cubeide_1.6.0/stm32cubeide/plugins/com.st.stm32cube.ide.mcu.externaltools.gnu-tools-for-stm32.9-2020-q2-update.win32_1.5.0.202011040924/tools/bin/../lib/gcc/arm-none-eabi/9.3.1/../../../../arm-none-eabi/lib/thumb/v7-m/nofp\libc_nano.a(lib_a-lock.o)
                0x0000000008005506                __retarget_lock_release_recursive
 .text.__swhatbuf_r
                0x0000000008005508       0x48 c:/st/stm32cubeide_1.6.0/stm32cubeide/plugins/com.st.stm32cube.ide.mcu.externaltools.gnu-tools-for-stm32.9-2020-q2-update.win32_1.5.0.202011040924/tools/bin/../lib/gcc/arm-none-eabi/9.3.1/../../../../arm-none-eabi/lib/thumb/v7-m/nofp\libc_nano.a(lib_a-makebuf.o)
                0x0000000008005508                __swhatbuf_r
 .text.__smakebuf_r
                0x0000000008005550       0x80 c:/st/stm32cubeide_1.6.0/stm32cubeide/plugins/com.st.stm32cube.ide.mcu.externaltools.gnu-tools-for-stm32.9-2020-q2-update.win32_1.5.0.202011040924/tools/bin/../lib/gcc/arm-none-eabi/9.3.1/../../../../arm-none-eabi/lib/thumb/v7-m/nofp\libc_nano.a(lib_a-makebuf.o)
                0x0000000008005550                __smakebuf_r
 .text.malloc   0x00000000080055d0       0x10 c:/st/stm32cubeide_1.6.0/stm32cubeide/plugins/com.st.stm32cube.ide.mcu.externaltools.gnu-tools-for-stm32.9-2020-q2-update.win32_1.5.0.202011040924/tools/bin/../lib/gcc/arm-none-eabi/9.3.1/../../../../arm-none-eabi/lib/thumb/v7-m/nofp\libc_nano.a(lib_a-malloc.o)
                0x00000000080055d0                malloc
 .text._free_r  0x00000000080055e0       0x98 c:/st/stm32cubeide_1.6.0/stm32cubeide/plugins/com.st.stm32cube.ide.mcu.externaltools.gnu-tools-for-stm32.9-2020-q2-update.win32_1.5.0.202011040924/tools/bin/../lib/gcc/arm-none-eabi/9.3.1/../../../../arm-none-eabi/lib/thumb/v7-m/nofp\libc_nano.a(lib_a-nano-freer.o)
                0x00000000080055e0                _free_r
 .text._malloc_r
                0x0000000008005678       0xb4 c:/st/stm32cubeide_1.6.0/stm32cubeide/plugins/com.st.stm32cube.ide.mcu.externaltools.gnu-tools-for-stm32.9-2020-q2-update.win32_1.5.0.202011040924/tools/bin/../lib/gcc/arm-none-eabi/9.3.1/../../../../arm-none-eabi/lib/thumb/v7-m/nofp\libc_nano.a(lib_a-nano-mallocr.o)
                0x0000000008005678                _malloc_r
 .text.__sfputc_r
                0x000000000800572c       0x2a c:/st/stm32cubeide_1.6.0/stm32cubeide/plugins/com.st.stm32cube.ide.mcu.externaltools.gnu-tools-for-stm32.9-2020-q2-update.win32_1.5.0.202011040924/tools/bin/../lib/gcc/arm-none-eabi/9.3.1/../../../../arm-none-eabi/lib/thumb/v7-m/nofp\libc_nano.a(lib_a-nano-vfprintf.o)
 .text.__sfputs_r
                0x0000000008005756       0x24 c:/st/stm32cubeide_1.6.0/stm32cubeide/plugins/com.st.stm32cube.ide.mcu.externaltools.gnu-tools-for-stm32.9-2020-q2-update.win32_1.5.0.202011040924/tools/bin/../lib/gcc/arm-none-eabi/9.3.1/../../../../arm-none-eabi/lib/thumb/v7-m/nofp\libc_nano.a(lib_a-nano-vfprintf.o)
                0x0000000008005756                __sfputs_r
 *fill*         0x000000000800577a        0x2 
 .text._vfprintf_r
                0x000000000800577c      0x260 c:/st/stm32cubeide_1.6.0/stm32cubeide/plugins/com.st.stm32cube.ide.mcu.externaltools.gnu-tools-for-stm32.9-2020-q2-update.win32_1.5.0.202011040924/tools/bin/../lib/gcc/arm-none-eabi/9.3.1/../../../../arm-none-eabi/lib/thumb/v7-m/nofp\libc_nano.a(lib_a-nano-vfprintf.o)
                0x000000000800577c                _vfprintf_r
                0x000000000800577c                _vfiprintf_r
 .text._printf_common
                0x00000000080059dc       0xde c:/st/stm32cubeide_1.6.0/stm32cubeide/plugins/com.st.stm32cube.ide.mcu.externaltools.gnu-tools-for-stm32.9-2020-q2-update.win32_1.5.0.202011040924/tools/bin/../lib/gcc/arm-none-eabi/9.3.1/../../../../arm-none-eabi/lib/thumb/v7-m/nofp\libc_nano.a(lib_a-nano-vfprintf_i.o)
                0x00000000080059dc                _printf_common
 *fill*         0x0000000008005aba        0x2 
 .text._printf_i
                0x0000000008005abc      0x24c c:/st/stm32cubeide_1.6.0/stm32cubeide/plugins/com.st.stm32cube.ide.mcu.externaltools.gnu-tools-for-stm32.9-2020-q2-update.win32_1.5.0.202011040924/tools/bin/../lib/gcc/arm-none-eabi/9.3.1/../../../../arm-none-eabi/lib/thumb/v7-m/nofp\libc_nano.a(lib_a-nano-vfprintf_i.o)
                0x0000000008005abc                _printf_i
 .text._sbrk_r  0x0000000008005d08       0x20 c:/st/stm32cubeide_1.6.0/stm32cubeide/plugins/com.st.stm32cube.ide.mcu.externaltools.gnu-tools-for-stm32.9-2020-q2-update.win32_1.5.0.202011040924/tools/bin/../lib/gcc/arm-none-eabi/9.3.1/../../../../arm-none-eabi/lib/thumb/v7-m/nofp\libc_nano.a(lib_a-sbrkr.o)
                0x0000000008005d08                _sbrk_r
 .text.__sread  0x0000000008005d28       0x22 c:/st/stm32cubeide_1.6.0/stm32cubeide/plugins/com.st.stm32cube.ide.mcu.externaltools.gnu-tools-for-stm32.9-2020-q2-update.win32_1.5.0.202011040924/tools/bin/../lib/gcc/arm-none-eabi/9.3.1/../../../../arm-none-eabi/lib/thumb/v7-m/nofp\libc_nano.a(lib_a-stdio.o)
                0x0000000008005d28                __sread
 .text.__swrite
                0x0000000008005d4a       0x38 c:/st/stm32cubeide_1.6.0/stm32cubeide/plugins/com.st.stm32cube.ide.mcu.externaltools.gnu-tools-for-stm32.9-2020-q2-update.win32_1.5.0.202011040924/tools/bin/../lib/gcc/arm-none-eabi/9.3.1/../../../../arm-none-eabi/lib/thumb/v7-m/nofp\libc_nano.a(lib_a-stdio.o)
                0x0000000008005d4a                __swrite
 .text.__sseek  0x0000000008005d82       0x24 c:/st/stm32cubeide_1.6.0/stm32cubeide/plugins/com.st.stm32cube.ide.mcu.externaltools.gnu-tools-for-stm32.9-2020-q2-update.win32_1.5.0.202011040924/tools/bin/../lib/gcc/arm-none-eabi/9.3.1/../../../../arm-none-eabi/lib/thumb/v7-m/nofp\libc_nano.a(lib_a-stdio.o)
                0x0000000008005d82                __sseek
 .text.__sclose
                0x0000000008005da6        0x8 c:/st/stm32cubeide_1.6.0/stm32cubeide/plugins/com.st.stm32cube.ide.mcu.externaltools.gnu-tools-for-stm32.9-2020-q2-update.win32_1.5.0.202011040924/tools/bin/../lib/gcc/arm-none-eabi/9.3.1/../../../../arm-none-eabi/lib/thumb/v7-m/nofp\libc_nano.a(lib_a-stdio.o)
                0x0000000008005da6                __sclose
 *fill*         0x0000000008005dae        0x2 
 .text._write_r
                0x0000000008005db0       0x24 c:/st/stm32cubeide_1.6.0/stm32cubeide/plugins/com.st.stm32cube.ide.mcu.externaltools.gnu-tools-for-stm32.9-2020-q2-update.win32_1.5.0.202011040924/tools/bin/../lib/gcc/arm-none-eabi/9.3.1/../../../../arm-none-eabi/lib/thumb/v7-m/nofp\libc_nano.a(lib_a-writer.o)
                0x0000000008005db0                _write_r
 .text.abort    0x0000000008005dd4        0xe c:/st/stm32cubeide_1.6.0/stm32cubeide/plugins/com.st.stm32cube.ide.mcu.externaltools.gnu-tools-for-stm32.9-2020-q2-update.win32_1.5.0.202011040924/tools/bin/../lib/gcc/arm-none-eabi/9.3.1/../../../../arm-none-eabi/lib/thumb/v7-m/nofp\libc_nano.a(lib_a-abort.o)
                0x0000000008005dd4                abort
 *fill*         0x0000000008005de2        0x2 
 .text._close_r
                0x0000000008005de4       0x20 c:/st/stm32cubeide_1.6.0/stm32cubeide/plugins/com.st.stm32cube.ide.mcu.externaltools.gnu-tools-for-stm32.9-2020-q2-update.win32_1.5.0.202011040924/tools/bin/../lib/gcc/arm-none-eabi/9.3.1/../../../../arm-none-eabi/lib/thumb/v7-m/nofp\libc_nano.a(lib_a-closer.o)
                0x0000000008005de4                _close_r
 .text._fstat_r
                0x0000000008005e04       0x24 c:/st/stm32cubeide_1.6.0/stm32cubeide/plugins/com.st.stm32cube.ide.mcu.externaltools.gnu-tools-for-stm32.9-2020-q2-update.win32_1.5.0.202011040924/tools/bin/../lib/gcc/arm-none-eabi/9.3.1/../../../../arm-none-eabi/lib/thumb/v7-m/nofp\libc_nano.a(lib_a-fstatr.o)
                0x0000000008005e04                _fstat_r
 .text._isatty_r
                0x0000000008005e28       0x20 c:/st/stm32cubeide_1.6.0/stm32cubeide/plugins/com.st.stm32cube.ide.mcu.externaltools.gnu-tools-for-stm32.9-2020-q2-update.win32_1.5.0.202011040924/tools/bin/../lib/gcc/arm-none-eabi/9.3.1/../../../../arm-none-eabi/lib/thumb/v7-m/nofp\libc_nano.a(lib_a-isattyr.o)
                0x0000000008005e28                _isatty_r
 .text._lseek_r
                0x0000000008005e48       0x24 c:/st/stm32cubeide_1.6.0/stm32cubeide/plugins/com.st.stm32cube.ide.mcu.externaltools.gnu-tools-for-stm32.9-2020-q2-update.win32_1.5.0.202011040924/tools/bin/../lib/gcc/arm-none-eabi/9.3.1/../../../../arm-none-eabi/lib/thumb/v7-m/nofp\libc_nano.a(lib_a-lseekr.o)
                0x0000000008005e48                _lseek_r
 .text.memchr   0x0000000008005e6c       0x1c c:/st/stm32cubeide_1.6.0/stm32cubeide/plugins/com.st.stm32cube.ide.mcu.externaltools.gnu-tools-for-stm32.9-2020-q2-update.win32_1.5.0.202011040924/tools/bin/../lib/gcc/arm-none-eabi/9.3.1/../../../../arm-none-eabi/lib/thumb/v7-m/nofp\libc_nano.a(lib_a-memchr-stub.o)
                0x0000000008005e6c                memchr
 .text.__malloc_lock
                0x0000000008005e88        0xc c:/st/stm32cubeide_1.6.0/stm32cubeide/plugins/com.st.stm32cube.ide.mcu.externaltools.gnu-tools-for-stm32.9-2020-q2-update.win32_1.5.0.202011040924/tools/bin/../lib/gcc/arm-none-eabi/9.3.1/../../../../arm-none-eabi/lib/thumb/v7-m/nofp\libc_nano.a(lib_a-mlock.o)
                0x0000000008005e88                __malloc_lock
 .text.__malloc_unlock
                0x0000000008005e94        0xc c:/st/stm32cubeide_1.6.0/stm32cubeide/plugins/com.st.stm32cube.ide.mcu.externaltools.gnu-tools-for-stm32.9-2020-q2-update.win32_1.5.0.202011040924/tools/bin/../lib/gcc/arm-none-eabi/9.3.1/../../../../arm-none-eabi/lib/thumb/v7-m/nofp\libc_nano.a(lib_a-mlock.o)
                0x0000000008005e94                __malloc_unlock
 .text._read_r  0x0000000008005ea0       0x24 c:/st/stm32cubeide_1.6.0/stm32cubeide/plugins/com.st.stm32cube.ide.mcu.externaltools.gnu-tools-for-stm32.9-2020-q2-update.win32_1.5.0.202011040924/tools/bin/../lib/gcc/arm-none-eabi/9.3.1/../../../../arm-none-eabi/lib/thumb/v7-m/nofp\libc_nano.a(lib_a-readr.o)
                0x0000000008005ea0                _read_r
 .text._raise_r
                0x0000000008005ec4       0x50 c:/st/stm32cubeide_1.6.0/stm32cubeide/plugins/com.st.stm32cube.ide.mcu.externaltools.gnu-tools-for-stm32.9-2020-q2-update.win32_1.5.0.202011040924/tools/bin/../lib/gcc/arm-none-eabi/9.3.1/../../../../arm-none-eabi/lib/thumb/v7-m/nofp\libc_nano.a(lib_a-signal.o)
                0x0000000008005ec4                _raise_r
 .text.raise    0x0000000008005f14       0x10 c:/st/stm32cubeide_1.6.0/stm32cubeide/plugins/com.st.stm32cube.ide.mcu.externaltools.gnu-tools-for-stm32.9-2020-q2-update.win32_1.5.0.202011040924/tools/bin/../lib/gcc/arm-none-eabi/9.3.1/../../../../arm-none-eabi/lib/thumb/v7-m/nofp\libc_nano.a(lib_a-signal.o)
                0x0000000008005f14                raise
 .text._kill_r  0x0000000008005f24       0x24 c:/st/stm32cubeide_1.6.0/stm32cubeide/plugins/com.st.stm32cube.ide.mcu.externaltools.gnu-tools-for-stm32.9-2020-q2-update.win32_1.5.0.202011040924/tools/bin/../lib/gcc/arm-none-eabi/9.3.1/../../../../arm-none-eabi/lib/thumb/v7-m/nofp\libc_nano.a(lib_a-signalr.o)
                0x0000000008005f24                _kill_r
 .text._getpid_r
                0x0000000008005f48        0x4 c:/st/stm32cubeide_1.6.0/stm32cubeide/plugins/com.st.stm32cube.ide.mcu.externaltools.gnu-tools-for-stm32.9-2020-q2-update.win32_1.5.0.202011040924/tools/bin/../lib/gcc/arm-none-eabi/9.3.1/../../../../arm-none-eabi/lib/thumb/v7-m/nofp\libc_nano.a(lib_a-signalr.o)
                0x0000000008005f48                _getpid_r
 *(.glue_7)
 .glue_7        0x0000000008005f4c        0x0 linker stubs
 *(.glue_7t)
 .glue_7t       0x0000000008005f4c        0x0 linker stubs
 *(.eh_frame)
 .eh_frame      0x0000000008005f4c        0x0 c:/st/stm32cubeide_1.6.0/stm32cubeide/plugins/com.st.stm32cube.ide.mcu.externaltools.gnu-tools-for-stm32.9-2020-q2-update.win32_1.5.0.202011040924/tools/bin/../lib/gcc/arm-none-eabi/9.3.1/thumb/v7-m/nofp/crtbegin.o
 *(.init)
 .init          0x0000000008005f4c        0x4 c:/st/stm32cubeide_1.6.0/stm32cubeide/plugins/com.st.stm32cube.ide.mcu.externaltools.gnu-tools-for-stm32.9-2020-q2-update.win32_1.5.0.202011040924/tools/bin/../lib/gcc/arm-none-eabi/9.3.1/thumb/v7-m/nofp/crti.o
                0x0000000008005f4c                _init
 .init          0x0000000008005f50        0x8 c:/st/stm32cubeide_1.6.0/stm32cubeide/plugins/com.st.stm32cube.ide.mcu.externaltools.gnu-tools-for-stm32.9-2020-q2-update.win32_1.5.0.202011040924/tools/bin/../lib/gcc/arm-none-eabi/9.3.1/thumb/v7-m/nofp/crtn.o
 *(.fini)
 .fini          0x0000000008005f58        0x4 c:/st/stm32cubeide_1.6.0/stm32cubeide/plugins/com.st.stm32cube.ide.mcu.externaltools.gnu-tools-for-stm32.9-2020-q2-update.win32_1.5.0.202011040924/tools/bin/../lib/gcc/arm-none-eabi/9.3.1/thumb/v7-m/nofp/crti.o
                0x0000000008005f58                _fini
 .fini          0x0000000008005f5c        0x8 c:/st/stm32cubeide_1.6.0/stm32cubeide/plugins/com.st.stm32cube.ide.mcu.externaltools.gnu-tools-for-stm32.9-2020-q2-update.win32_1.5.0.202011040924/tools/bin/../lib/gcc/arm-none-eabi/9.3.1/thumb/v7-m/nofp/crtn.o
                0x0000000008005f64                . = ALIGN (0x4)
                0x0000000008005f64                _etext = .

.vfp11_veneer   0x0000000008005f64        0x0
 .vfp11_veneer  0x0000000008005f64        0x0 linker stubs

.v4_bx          0x0000000008005f64        0x0
 .v4_bx         0x0000000008005f64        0x0 linker stubs

.iplt           0x0000000008005f64        0x0
 .iplt          0x0000000008005f64        0x0 c:/st/stm32cubeide_1.6.0/stm32cubeide/plugins/com.st.stm32cube.ide.mcu.externaltools.gnu-tools-for-stm32.9-2020-q2-update.win32_1.5.0.202011040924/tools/bin/../lib/gcc/arm-none-eabi/9.3.1/thumb/v7-m/nofp/crtbegin.o

.rodata         0x0000000008005f68     0x83c4
                0x0000000008005f68                . = ALIGN (0x4)
 *(.rodata)
 .rodata        0x0000000008005f68      0x16e Core/Src/App/appLcdSpeedTest.o
 *fill*         0x00000000080060d6        0x2 
 .rodata        0x00000000080060d8       0x51 Core/Src/Lcd/st7735.o
 *fill*         0x0000000008006129        0x3 
 .rodata        0x000000000800612c       0x10 Drivers/STM32F1xx_HAL_Driver/Src/stm32f1xx_hal_rcc.o
 .rodata        0x000000000800613c       0x10 Drivers/STM32F1xx_HAL_Driver/Src/stm32f1xx_hal_rcc_ex.o
 *(.rodata*)
 *fill*         0x000000000800614c        0x4 
 .rodata.beer_60x100_16
                0x0000000008006150     0x2f16 Core/Src/App/beer_60x100_16.o
                0x0000000008006150                beer_60x100_16
 *fill*         0x0000000008009066        0x2 
 .rodata.Font12_Table
                0x0000000008009068      0xb60 Core/Src/Lcd/Fonts/font12.o
                0x0000000008009068                Font12_Table
 .rodata.Font16_Table
                0x0000000008009bc8     0x1c00 Core/Src/Lcd/Fonts/font16.o
                0x0000000008009bc8                Font16_Table
 .rodata.Font20_Table
                0x000000000800b7c8     0x2300 Core/Src/Lcd/Fonts/font20.o
                0x000000000800b7c8                Font20_Table
 .rodata.Font8_Table
                0x000000000800dac8      0x700 Core/Src/Lcd/Fonts/font8.o
                0x000000000800dac8                Font8_Table
 .rodata.AHBPrescTable
                0x000000000800e1c8       0x10 Core/Src/system_stm32f1xx.o
                0x000000000800e1c8                AHBPrescTable
 .rodata.APBPrescTable
                0x000000000800e1d8        0x8 Core/Src/system_stm32f1xx.o
                0x000000000800e1d8                APBPrescTable
 .rodata._global_impure_ptr
                0x000000000800e1e0        0x4 c:/st/stm32cubeide_1.6.0/stm32cubeide/plugins/com.st.stm32cube.ide.mcu.externaltools.gnu-tools-for-stm32.9-2020-q2-update.win32_1.5.0.202011040924/tools/bin/../lib/gcc/arm-none-eabi/9.3.1/../../../../arm-none-eabi/lib/thumb/v7-m/nofp\libc_nano.a(lib_a-impure.o)
                0x000000000800e1e0                _global_impure_ptr
 .rodata.srandom.str1.1
                0x000000000800e1e4       0x78 c:/st/stm32cubeide_1.6.0/stm32cubeide/plugins/com.st.stm32cube.ide.mcu.externaltools.gnu-tools-for-stm32.9-2020-q2-update.win32_1.5.0.202011040924/tools/bin/../lib/gcc/arm-none-eabi/9.3.1/../../../../arm-none-eabi/lib/thumb/v7-m/nofp\libc_nano.a(lib_a-random.o)
 .rodata.__assert_func.str1.1
                0x000000000800e25c       0x3c c:/st/stm32cubeide_1.6.0/stm32cubeide/plugins/com.st.stm32cube.ide.mcu.externaltools.gnu-tools-for-stm32.9-2020-q2-update.win32_1.5.0.202011040924/tools/bin/../lib/gcc/arm-none-eabi/9.3.1/../../../../arm-none-eabi/lib/thumb/v7-m/nofp\libc_nano.a(lib_a-assert.o)
                                         0x3d (size before relaxing)
 .rodata.__sf_fake_stderr
                0x000000000800e298       0x20 c:/st/stm32cubeide_1.6.0/stm32cubeide/plugins/com.st.stm32cube.ide.mcu.externaltools.gnu-tools-for-stm32.9-2020-q2-update.win32_1.5.0.202011040924/tools/bin/../lib/gcc/arm-none-eabi/9.3.1/../../../../arm-none-eabi/lib/thumb/v7-m/nofp\libc_nano.a(lib_a-findfp.o)
                0x000000000800e298                __sf_fake_stderr
 .rodata.__sf_fake_stdin
                0x000000000800e2b8       0x20 c:/st/stm32cubeide_1.6.0/stm32cubeide/plugins/com.st.stm32cube.ide.mcu.externaltools.gnu-tools-for-stm32.9-2020-q2-update.win32_1.5.0.202011040924/tools/bin/../lib/gcc/arm-none-eabi/9.3.1/../../../../arm-none-eabi/lib/thumb/v7-m/nofp\libc_nano.a(lib_a-findfp.o)
                0x000000000800e2b8                __sf_fake_stdin
 .rodata.__sf_fake_stdout
                0x000000000800e2d8       0x20 c:/st/stm32cubeide_1.6.0/stm32cubeide/plugins/com.st.stm32cube.ide.mcu.externaltools.gnu-tools-for-stm32.9-2020-q2-update.win32_1.5.0.202011040924/tools/bin/../lib/gcc/arm-none-eabi/9.3.1/../../../../arm-none-eabi/lib/thumb/v7-m/nofp\libc_nano.a(lib_a-findfp.o)
                0x000000000800e2d8                __sf_fake_stdout
 .rodata._vfprintf_r.str1.1
                0x000000000800e2f8       0x11 c:/st/stm32cubeide_1.6.0/stm32cubeide/plugins/com.st.stm32cube.ide.mcu.externaltools.gnu-tools-for-stm32.9-2020-q2-update.win32_1.5.0.202011040924/tools/bin/../lib/gcc/arm-none-eabi/9.3.1/../../../../arm-none-eabi/lib/thumb/v7-m/nofp\libc_nano.a(lib_a-nano-vfprintf.o)
 .rodata._printf_i.str1.1
                0x000000000800e309       0x22 c:/st/stm32cubeide_1.6.0/stm32cubeide/plugins/com.st.stm32cube.ide.mcu.externaltools.gnu-tools-for-stm32.9-2020-q2-update.win32_1.5.0.202011040924/tools/bin/../lib/gcc/arm-none-eabi/9.3.1/../../../../arm-none-eabi/lib/thumb/v7-m/nofp\libc_nano.a(lib_a-nano-vfprintf_i.o)
                0x000000000800e32c                . = ALIGN (0x4)
 *fill*         0x000000000800e32b        0x1 

.rel.dyn        0x000000000800e32c        0x0
 .rel.iplt      0x000000000800e32c        0x0 c:/st/stm32cubeide_1.6.0/stm32cubeide/plugins/com.st.stm32cube.ide.mcu.externaltools.gnu-tools-for-stm32.9-2020-q2-update.win32_1.5.0.202011040924/tools/bin/../lib/gcc/arm-none-eabi/9.3.1/thumb/v7-m/nofp/crtbegin.o

.ARM.extab      0x000000000800e32c        0x0
                0x000000000800e32c                . = ALIGN (0x4)
 *(.ARM.extab* .gnu.linkonce.armextab.*)
                0x000000000800e32c                . = ALIGN (0x4)

.ARM            0x000000000800e32c        0x0
                0x000000000800e32c                . = ALIGN (0x4)
                0x000000000800e32c                __exidx_start = .
 *(.ARM.exidx*)
                0x000000000800e32c                __exidx_end = .
                0x000000000800e32c                . = ALIGN (0x4)

.preinit_array  0x000000000800e32c        0x0
                0x000000000800e32c                . = ALIGN (0x4)
                0x000000000800e32c                PROVIDE (__preinit_array_start = .)
 *(.preinit_array*)
                0x000000000800e32c                PROVIDE (__preinit_array_end = .)
                0x000000000800e32c                . = ALIGN (0x4)

.init_array     0x000000000800e32c        0x4
                0x000000000800e32c                . = ALIGN (0x4)
                0x000000000800e32c                PROVIDE (__init_array_start = .)
 *(SORT_BY_NAME(.init_array.*))
 *(.init_array*)
 .init_array    0x000000000800e32c        0x4 c:/st/stm32cubeide_1.6.0/stm32cubeide/plugins/com.st.stm32cube.ide.mcu.externaltools.gnu-tools-for-stm32.9-2020-q2-update.win32_1.5.0.202011040924/tools/bin/../lib/gcc/arm-none-eabi/9.3.1/thumb/v7-m/nofp/crtbegin.o
                0x000000000800e330                PROVIDE (__init_array_end = .)
                0x000000000800e330                . = ALIGN (0x4)

.fini_array     0x000000000800e330        0x4
                0x000000000800e330                . = ALIGN (0x4)
                [!provide]                        PROVIDE (__fini_array_start = .)
 *(SORT_BY_NAME(.fini_array.*))
 *(.fini_array*)
 .fini_array    0x000000000800e330        0x4 c:/st/stm32cubeide_1.6.0/stm32cubeide/plugins/com.st.stm32cube.ide.mcu.externaltools.gnu-tools-for-stm32.9-2020-q2-update.win32_1.5.0.202011040924/tools/bin/../lib/gcc/arm-none-eabi/9.3.1/thumb/v7-m/nofp/crtbegin.o
                [!provide]                        PROVIDE (__fini_array_end = .)
                0x000000000800e334                . = ALIGN (0x4)
                0x000000000800e334                _sidata = LOADADDR (.data)

.data           0x0000000020000000       0xdc load address 0x000000000800e334
                0x0000000020000000                . = ALIGN (0x4)
                0x0000000020000000                _sdata = .
 *(.data)
 *(.data*)
 .data.maxString
                0x0000000020000000        0x4 Core/Src/App/appLcdSpeedTest.o
                0x0000000020000000                maxString
 .data.Font12   0x0000000020000004        0x8 Core/Src/Lcd/Fonts/font12.o
                0x0000000020000004                Font12
 .data.Font16   0x000000002000000c        0x8 Core/Src/Lcd/Fonts/font16.o
                0x000000002000000c                Font16
 .data.Font20   0x0000000020000014        0x8 Core/Src/Lcd/Fonts/font20.o
                0x0000000020000014                Font20
 .data.Font8    0x000000002000001c        0x8 Core/Src/Lcd/Fonts/font8.o
                0x000000002000001c                Font8
 .data.st7735_drv
                0x0000000020000024       0x44 Core/Src/Lcd/st7735.o
                0x0000000020000024                st7735_drv
 .data.lcd_drv  0x0000000020000068        0x4 Core/Src/Lcd/st7735.o
                0x0000000020000068                lcd_drv
 .data.SystemCoreClock
                0x000000002000006c        0x4 Core/Src/system_stm32f1xx.o
                0x000000002000006c                SystemCoreClock
 .data.uwTickPrio
                0x0000000020000070        0x4 Drivers/STM32F1xx_HAL_Driver/Src/stm32f1xx_hal.o
                0x0000000020000070                uwTickPrio
 .data.uwTickFreq
                0x0000000020000074        0x1 Drivers/STM32F1xx_HAL_Driver/Src/stm32f1xx_hal.o
                0x0000000020000074                uwTickFreq
 *fill*         0x0000000020000075        0x3 
 .data._impure_ptr
                0x0000000020000078        0x4 c:/st/stm32cubeide_1.6.0/stm32cubeide/plugins/com.st.stm32cube.ide.mcu.externaltools.gnu-tools-for-stm32.9-2020-q2-update.win32_1.5.0.202011040924/tools/bin/../lib/gcc/arm-none-eabi/9.3.1/../../../../arm-none-eabi/lib/thumb/v7-m/nofp\libc_nano.a(lib_a-impure.o)
                0x0000000020000078                _impure_ptr
 .data.impure_data
                0x000000002000007c       0x60 c:/st/stm32cubeide_1.6.0/stm32cubeide/plugins/com.st.stm32cube.ide.mcu.externaltools.gnu-tools-for-stm32.9-2020-q2-update.win32_1.5.0.202011040924/tools/bin/../lib/gcc/arm-none-eabi/9.3.1/../../../../arm-none-eabi/lib/thumb/v7-m/nofp\libc_nano.a(lib_a-impure.o)
                0x00000000200000dc                . = ALIGN (0x4)
                0x00000000200000dc                _edata = .

.igot.plt       0x00000000200000dc        0x0 load address 0x000000000800e410
 .igot.plt      0x00000000200000dc        0x0 c:/st/stm32cubeide_1.6.0/stm32cubeide/plugins/com.st.stm32cube.ide.mcu.externaltools.gnu-tools-for-stm32.9-2020-q2-update.win32_1.5.0.202011040924/tools/bin/../lib/gcc/arm-none-eabi/9.3.1/thumb/v7-m/nofp/crtbegin.o
                0x00000000200000dc                . = ALIGN (0x4)

.bss            0x00000000200000dc     0x3338 load address 0x000000000800e410
                0x00000000200000dc                _sbss = .
                0x00000000200000dc                __bss_start__ = _sbss
 *(.bss)
 .bss           0x00000000200000dc       0x1c c:/st/stm32cubeide_1.6.0/stm32cubeide/plugins/com.st.stm32cube.ide.mcu.externaltools.gnu-tools-for-stm32.9-2020-q2-update.win32_1.5.0.202011040924/tools/bin/../lib/gcc/arm-none-eabi/9.3.1/thumb/v7-m/nofp/crtbegin.o
 *(.bss*)
 .bss.LCD_IO_DmaTransferStatus
                0x00000000200000f8        0x4 Core/Src/Lcd/lcd_io_spi.o
                0x00000000200000f8                LCD_IO_DmaTransferStatus
 .bss.d8s.6926  0x00000000200000fc        0x1 Core/Src/Lcd/lcd_io_spi.o
 *fill*         0x00000000200000fd        0x1 
 .bss.d16s.6936
                0x00000000200000fe        0x2 Core/Src/Lcd/lcd_io_spi.o
 .bss.Is_st7735_Initialized
                0x0000000020000100        0x1 Core/Src/Lcd/st7735.o
 *fill*         0x0000000020000101        0x1 
 .bss.yStart    0x0000000020000102        0x2 Core/Src/Lcd/st7735.o
 .bss.yEnd      0x0000000020000104        0x2 Core/Src/Lcd/st7735.o
 *fill*         0x0000000020000106        0x2 
 .bss.scrparam.6749
                0x0000000020000108        0x8 Core/Src/Lcd/st7735.o
 .bss.bitmap    0x0000000020000110      0x366 Core/Src/Lcd/stm32_adafruit_lcd.o
 *fill*         0x0000000020000476        0x2 
 .bss.__sbrk_heap_end
                0x0000000020000478        0x4 Core/Src/sysmem.o
 .bss.__malloc_free_list
                0x000000002000047c        0x4 c:/st/stm32cubeide_1.6.0/stm32cubeide/plugins/com.st.stm32cube.ide.mcu.externaltools.gnu-tools-for-stm32.9-2020-q2-update.win32_1.5.0.202011040924/tools/bin/../lib/gcc/arm-none-eabi/9.3.1/../../../../arm-none-eabi/lib/thumb/v7-m/nofp\libc_nano.a(lib_a-nano-mallocr.o)
                0x000000002000047c                __malloc_free_list
 .bss.__malloc_sbrk_start
                0x0000000020000480        0x4 c:/st/stm32cubeide_1.6.0/stm32cubeide/plugins/com.st.stm32cube.ide.mcu.externaltools.gnu-tools-for-stm32.9-2020-q2-update.win32_1.5.0.202011040924/tools/bin/../lib/gcc/arm-none-eabi/9.3.1/../../../../arm-none-eabi/lib/thumb/v7-m/nofp\libc_nano.a(lib_a-nano-mallocr.o)
                0x0000000020000480                __malloc_sbrk_start
 *(COMMON)
 COMMON         0x0000000020000484     0x2f13 Core/Src/App/appLcdSpeedTest.o
                0x0000000020000484                bitmap
                0x0000000020003364                OutputBuf
 *fill*         0x0000000020003397        0x1 
 COMMON         0x0000000020003398        0xc Core/Src/Lcd/stm32_adafruit_lcd.o
                0x0000000020003398                DrawProp
 COMMON         0x00000000200033a4       0x14 Core/Src/main.o
                0x00000000200033a4                hrtc
 COMMON         0x00000000200033b8       0x48 Core/Src/stm32f1xx_hal_timebase_tim.o
                0x00000000200033b8                htim4
 COMMON         0x0000000020003400        0x4 Drivers/STM32F1xx_HAL_Driver/Src/stm32f1xx_hal.o
                0x0000000020003400                uwTick
 COMMON         0x0000000020003404        0x9 c:/st/stm32cubeide_1.6.0/stm32cubeide/plugins/com.st.stm32cube.ide.mcu.externaltools.gnu-tools-for-stm32.9-2020-q2-update.win32_1.5.0.202011040924/tools/bin/../lib/gcc/arm-none-eabi/9.3.1/../../../../arm-none-eabi/lib/thumb/v7-m/nofp\libc_nano.a(lib_a-lock.o)
                0x0000000020003404                __lock___atexit_recursive_mutex
                0x0000000020003405                __lock___arc4random_mutex
                0x0000000020003406                __lock___env_recursive_mutex
                0x0000000020003407                __lock___sinit_recursive_mutex
                0x0000000020003408                __lock___malloc_recursive_mutex
                0x0000000020003409                __lock___at_quick_exit_mutex
                0x000000002000340a                __lock___dd_hash_mutex
                0x000000002000340b                __lock___tz_mutex
                0x000000002000340c                __lock___sfp_recursive_mutex
 *fill*         0x000000002000340d        0x3 
 COMMON         0x0000000020003410        0x4 c:/st/stm32cubeide_1.6.0/stm32cubeide/plugins/com.st.stm32cube.ide.mcu.externaltools.gnu-tools-for-stm32.9-2020-q2-update.win32_1.5.0.202011040924/tools/bin/../lib/gcc/arm-none-eabi/9.3.1/../../../../arm-none-eabi/lib/thumb/v7-m/nofp\libc_nano.a(lib_a-reent.o)
                0x0000000020003410                errno
                0x0000000020003414                . = ALIGN (0x4)
                0x0000000020003414                _ebss = .
                0x0000000020003414                __bss_end__ = _ebss

._user_heap_stack
                0x0000000020003414      0xa04 load address 0x000000000800e410
                0x0000000020003418                . = ALIGN (0x8)
 *fill*         0x0000000020003414        0x4 
                [!provide]                        PROVIDE (end = .)
                0x0000000020003418                PROVIDE (_end = .)
                0x0000000020003618                . = (. + _Min_Heap_Size)
 *fill*         0x0000000020003418      0x200 
                0x0000000020003e18                . = (. + _Min_Stack_Size)
 *fill*         0x0000000020003618      0x800 
                0x0000000020003e18                . = ALIGN (0x8)

/DISCARD/
 libc.a(*)
 libm.a(*)
 libgcc.a(*)

.ARM.attributes
                0x0000000000000000       0x29
 *(.ARM.attributes)
 .ARM.attributes
                0x0000000000000000       0x1d c:/st/stm32cubeide_1.6.0/stm32cubeide/plugins/com.st.stm32cube.ide.mcu.externaltools.gnu-tools-for-stm32.9-2020-q2-update.win32_1.5.0.202011040924/tools/bin/../lib/gcc/arm-none-eabi/9.3.1/thumb/v7-m/nofp/crti.o
 .ARM.attributes
                0x000000000000001d       0x2d c:/st/stm32cubeide_1.6.0/stm32cubeide/plugins/com.st.stm32cube.ide.mcu.externaltools.gnu-tools-for-stm32.9-2020-q2-update.win32_1.5.0.202011040924/tools/bin/../lib/gcc/arm-none-eabi/9.3.1/thumb/v7-m/nofp/crtbegin.o
 .ARM.attributes
                0x000000000000004a       0x2d Core/Src/App/appLcdSpeedTest.o
 .ARM.attributes
                0x0000000000000077       0x33 Core/Src/App/beer_60x100_16.o
 .ARM.attributes
                0x00000000000000aa       0x33 Core/Src/Lcd/Fonts/font12.o
 .ARM.attributes
                0x00000000000000dd       0x33 Core/Src/Lcd/Fonts/font16.o
 .ARM.attributes
                0x0000000000000110       0x33 Core/Src/Lcd/Fonts/font20.o
 .ARM.attributes
                0x0000000000000143       0x33 Core/Src/Lcd/Fonts/font8.o
 .ARM.attributes
                0x0000000000000176       0x2d Core/Src/Lcd/lcd_io_spi.o
 .ARM.attributes
                0x00000000000001a3       0x2d Core/Src/Lcd/st7735.o
 .ARM.attributes
                0x00000000000001d0       0x2d Core/Src/Lcd/stm32_adafruit_lcd.o
 .ARM.attributes
                0x00000000000001fd       0x2d Core/Src/main.o
 .ARM.attributes
                0x000000000000022a       0x2d Core/Src/stm32f1xx_hal_msp.o
 .ARM.attributes
                0x0000000000000257       0x2d Core/Src/stm32f1xx_hal_timebase_tim.o
 .ARM.attributes
                0x0000000000000284       0x2d Core/Src/stm32f1xx_it.o
 .ARM.attributes
                0x00000000000002b1       0x2d Core/Src/syscalls.o
 .ARM.attributes
                0x00000000000002de       0x2d Core/Src/sysmem.o
 .ARM.attributes
                0x000000000000030b       0x2d Core/Src/system_stm32f1xx.o
 .ARM.attributes
                0x0000000000000338       0x21 Core/Startup/startup_stm32f103c8tx.o
 .ARM.attributes
                0x0000000000000359       0x2d Drivers/STM32F1xx_HAL_Driver/Src/stm32f1xx_hal.o
 .ARM.attributes
                0x0000000000000386       0x2d Drivers/STM32F1xx_HAL_Driver/Src/stm32f1xx_hal_cortex.o
 .ARM.attributes
                0x00000000000003b3       0x2d Drivers/STM32F1xx_HAL_Driver/Src/stm32f1xx_hal_pwr.o
 .ARM.attributes
                0x00000000000003e0       0x2d Drivers/STM32F1xx_HAL_Driver/Src/stm32f1xx_hal_rcc.o
 .ARM.attributes
                0x000000000000040d       0x2d Drivers/STM32F1xx_HAL_Driver/Src/stm32f1xx_hal_rcc_ex.o
 .ARM.attributes
                0x000000000000043a       0x2d Drivers/STM32F1xx_HAL_Driver/Src/stm32f1xx_hal_rtc.o
 .ARM.attributes
                0x0000000000000467       0x2d Drivers/STM32F1xx_HAL_Driver/Src/stm32f1xx_hal_tim.o
 .ARM.attributes
                0x0000000000000494       0x2d Drivers/STM32F1xx_HAL_Driver/Src/stm32f1xx_hal_tim_ex.o
 .ARM.attributes
                0x00000000000004c1       0x2d c:/st/stm32cubeide_1.6.0/stm32cubeide/plugins/com.st.stm32cube.ide.mcu.externaltools.gnu-tools-for-stm32.9-2020-q2-update.win32_1.5.0.202011040924/tools/bin/../lib/gcc/arm-none-eabi/9.3.1/../../../../arm-none-eabi/lib/thumb/v7-m/nofp\libc_nano.a(lib_a-errno.o)
 .ARM.attributes
                0x00000000000004ee       0x2d c:/st/stm32cubeide_1.6.0/stm32cubeide/plugins/com.st.stm32cube.ide.mcu.externaltools.gnu-tools-for-stm32.9-2020-q2-update.win32_1.5.0.202011040924/tools/bin/../lib/gcc/arm-none-eabi/9.3.1/../../../../arm-none-eabi/lib/thumb/v7-m/nofp\libc_nano.a(lib_a-impure.o)
 .ARM.attributes
                0x000000000000051b       0x2d c:/st/stm32cubeide_1.6.0/stm32cubeide/plugins/com.st.stm32cube.ide.mcu.externaltools.gnu-tools-for-stm32.9-2020-q2-update.win32_1.5.0.202011040924/tools/bin/../lib/gcc/arm-none-eabi/9.3.1/../../../../arm-none-eabi/lib/thumb/v7-m/nofp\libc_nano.a(lib_a-init.o)
 .ARM.attributes
                0x0000000000000548       0x2d c:/st/stm32cubeide_1.6.0/stm32cubeide/plugins/com.st.stm32cube.ide.mcu.externaltools.gnu-tools-for-stm32.9-2020-q2-update.win32_1.5.0.202011040924/tools/bin/../lib/gcc/arm-none-eabi/9.3.1/../../../../arm-none-eabi/lib/thumb/v7-m/nofp\libc_nano.a(lib_a-memset.o)
 .ARM.attributes
                0x0000000000000575       0x2d c:/st/stm32cubeide_1.6.0/stm32cubeide/plugins/com.st.stm32cube.ide.mcu.externaltools.gnu-tools-for-stm32.9-2020-q2-update.win32_1.5.0.202011040924/tools/bin/../lib/gcc/arm-none-eabi/9.3.1/../../../../arm-none-eabi/lib/thumb/v7-m/nofp\libc_nano.a(lib_a-printf.o)
 .ARM.attributes
                0x00000000000005a2       0x2d c:/st/stm32cubeide_1.6.0/stm32cubeide/plugins/com.st.stm32cube.ide.mcu.externaltools.gnu-tools-for-stm32.9-2020-q2-update.win32_1.5.0.202011040924/tools/bin/../lib/gcc/arm-none-eabi/9.3.1/../../../../arm-none-eabi/lib/thumb/v7-m/nofp\libc_nano.a(lib_a-puts.o)
 .ARM.attributes
                0x00000000000005cf       0x2d c:/st/stm32cubeide_1.6.0/stm32cubeide/plugins/com.st.stm32cube.ide.mcu.externaltools.gnu-tools-for-stm32.9-2020-q2-update.win32_1.5.0.202011040924/tools/bin/../lib/gcc/arm-none-eabi/9.3.1/../../../../arm-none-eabi/lib/thumb/v7-m/nofp\libc_nano.a(lib_a-random.o)
 .ARM.attributes
                0x00000000000005fc       0x2d c:/st/stm32cubeide_1.6.0/stm32cubeide/plugins/com.st.stm32cube.ide.mcu.externaltools.gnu-tools-for-stm32.9-2020-q2-update.win32_1.5.0.202011040924/tools/bin/../lib/gcc/arm-none-eabi/9.3.1/../../../../arm-none-eabi/lib/thumb/v7-m/nofp\libc_nano.a(lib_a-strcat.o)
 .ARM.attributes
                0x0000000000000629       0x17 c:/st/stm32cubeide_1.6.0/stm32cubeide/plugins/com.st.stm32cube.ide.mcu.externaltools.gnu-tools-for-stm32.9-2020-q2-update.win32_1.5.0.202011040924/tools/bin/../lib/gcc/arm-none-eabi/9.3.1/../../../../arm-none-eabi/lib/thumb/v7-m/nofp\libc_nano.a(lib_a-strlen.o)
 .ARM.attributes
                0x0000000000000640       0x2d c:/st/stm32cubeide_1.6.0/stm32cubeide/plugins/com.st.stm32cube.ide.mcu.externaltools.gnu-tools-for-stm32.9-2020-q2-update.win32_1.5.0.202011040924/tools/bin/../lib/gcc/arm-none-eabi/9.3.1/../../../../arm-none-eabi/lib/thumb/v7-m/nofp\libc_nano.a(lib_a-wbuf.o)
 .ARM.attributes
                0x000000000000066d       0x2d c:/st/stm32cubeide_1.6.0/stm32cubeide/plugins/com.st.stm32cube.ide.mcu.externaltools.gnu-tools-for-stm32.9-2020-q2-update.win32_1.5.0.202011040924/tools/bin/../lib/gcc/arm-none-eabi/9.3.1/../../../../arm-none-eabi/lib/thumb/v7-m/nofp\libc_nano.a(lib_a-wsetup.o)
 .ARM.attributes
                0x000000000000069a       0x2d c:/st/stm32cubeide_1.6.0/stm32cubeide/plugins/com.st.stm32cube.ide.mcu.externaltools.gnu-tools-for-stm32.9-2020-q2-update.win32_1.5.0.202011040924/tools/bin/../lib/gcc/arm-none-eabi/9.3.1/../../../../arm-none-eabi/lib/thumb/v7-m/nofp\libc_nano.a(lib_a-assert.o)
 .ARM.attributes
                0x00000000000006c7       0x2d c:/st/stm32cubeide_1.6.0/stm32cubeide/plugins/com.st.stm32cube.ide.mcu.externaltools.gnu-tools-for-stm32.9-2020-q2-update.win32_1.5.0.202011040924/tools/bin/../lib/gcc/arm-none-eabi/9.3.1/../../../../arm-none-eabi/lib/thumb/v7-m/nofp\libc_nano.a(lib_a-fflush.o)
 .ARM.attributes
                0x00000000000006f4       0x2d c:/st/stm32cubeide_1.6.0/stm32cubeide/plugins/com.st.stm32cube.ide.mcu.externaltools.gnu-tools-for-stm32.9-2020-q2-update.win32_1.5.0.202011040924/tools/bin/../lib/gcc/arm-none-eabi/9.3.1/../../../../arm-none-eabi/lib/thumb/v7-m/nofp\libc_nano.a(lib_a-findfp.o)
 .ARM.attributes
                0x0000000000000721       0x2d c:/st/stm32cubeide_1.6.0/stm32cubeide/plugins/com.st.stm32cube.ide.mcu.externaltools.gnu-tools-for-stm32.9-2020-q2-update.win32_1.5.0.202011040924/tools/bin/../lib/gcc/arm-none-eabi/9.3.1/../../../../arm-none-eabi/lib/thumb/v7-m/nofp\libc_nano.a(lib_a-fprintf.o)
 .ARM.attributes
                0x000000000000074e       0x2d c:/st/stm32cubeide_1.6.0/stm32cubeide/plugins/com.st.stm32cube.ide.mcu.externaltools.gnu-tools-for-stm32.9-2020-q2-update.win32_1.5.0.202011040924/tools/bin/../lib/gcc/arm-none-eabi/9.3.1/../../../../arm-none-eabi/lib/thumb/v7-m/nofp\libc_nano.a(lib_a-fwalk.o)
 .ARM.attributes
                0x000000000000077b       0x2d c:/st/stm32cubeide_1.6.0/stm32cubeide/plugins/com.st.stm32cube.ide.mcu.externaltools.gnu-tools-for-stm32.9-2020-q2-update.win32_1.5.0.202011040924/tools/bin/../lib/gcc/arm-none-eabi/9.3.1/../../../../arm-none-eabi/lib/thumb/v7-m/nofp\libc_nano.a(lib_a-lock.o)
 .ARM.attributes
                0x00000000000007a8       0x2d c:/st/stm32cubeide_1.6.0/stm32cubeide/plugins/com.st.stm32cube.ide.mcu.externaltools.gnu-tools-for-stm32.9-2020-q2-update.win32_1.5.0.202011040924/tools/bin/../lib/gcc/arm-none-eabi/9.3.1/../../../../arm-none-eabi/lib/thumb/v7-m/nofp\libc_nano.a(lib_a-makebuf.o)
 .ARM.attributes
                0x00000000000007d5       0x2d c:/st/stm32cubeide_1.6.0/stm32cubeide/plugins/com.st.stm32cube.ide.mcu.externaltools.gnu-tools-for-stm32.9-2020-q2-update.win32_1.5.0.202011040924/tools/bin/../lib/gcc/arm-none-eabi/9.3.1/../../../../arm-none-eabi/lib/thumb/v7-m/nofp\libc_nano.a(lib_a-malloc.o)
 .ARM.attributes
                0x0000000000000802       0x2d c:/st/stm32cubeide_1.6.0/stm32cubeide/plugins/com.st.stm32cube.ide.mcu.externaltools.gnu-tools-for-stm32.9-2020-q2-update.win32_1.5.0.202011040924/tools/bin/../lib/gcc/arm-none-eabi/9.3.1/../../../../arm-none-eabi/lib/thumb/v7-m/nofp\libc_nano.a(lib_a-nano-freer.o)
 .ARM.attributes
                0x000000000000082f       0x2d c:/st/stm32cubeide_1.6.0/stm32cubeide/plugins/com.st.stm32cube.ide.mcu.externaltools.gnu-tools-for-stm32.9-2020-q2-update.win32_1.5.0.202011040924/tools/bin/../lib/gcc/arm-none-eabi/9.3.1/../../../../arm-none-eabi/lib/thumb/v7-m/nofp\libc_nano.a(lib_a-nano-mallocr.o)
 .ARM.attributes
                0x000000000000085c       0x2d c:/st/stm32cubeide_1.6.0/stm32cubeide/plugins/com.st.stm32cube.ide.mcu.externaltools.gnu-tools-for-stm32.9-2020-q2-update.win32_1.5.0.202011040924/tools/bin/../lib/gcc/arm-none-eabi/9.3.1/../../../../arm-none-eabi/lib/thumb/v7-m/nofp\libc_nano.a(lib_a-nano-vfprintf.o)
 .ARM.attributes
                0x0000000000000889       0x2d c:/st/stm32cubeide_1.6.0/stm32cubeide/plugins/com.st.stm32cube.ide.mcu.externaltools.gnu-tools-for-stm32.9-2020-q2-update.win32_1.5.0.202011040924/tools/bin/../lib/gcc/arm-none-eabi/9.3.1/../../../../arm-none-eabi/lib/thumb/v7-m/nofp\libc_nano.a(lib_a-nano-vfprintf_i.o)
 .ARM.attributes
                0x00000000000008b6       0x2d c:/st/stm32cubeide_1.6.0/stm32cubeide/plugins/com.st.stm32cube.ide.mcu.externaltools.gnu-tools-for-stm32.9-2020-q2-update.win32_1.5.0.202011040924/tools/bin/../lib/gcc/arm-none-eabi/9.3.1/../../../../arm-none-eabi/lib/thumb/v7-m/nofp\libc_nano.a(lib_a-sbrkr.o)
 .ARM.attributes
                0x00000000000008e3       0x2d c:/st/stm32cubeide_1.6.0/stm32cubeide/plugins/com.st.stm32cube.ide.mcu.externaltools.gnu-tools-for-stm32.9-2020-q2-update.win32_1.5.0.202011040924/tools/bin/../lib/gcc/arm-none-eabi/9.3.1/../../../../arm-none-eabi/lib/thumb/v7-m/nofp\libc_nano.a(lib_a-stdio.o)
 .ARM.attributes
                0x0000000000000910       0x2d c:/st/stm32cubeide_1.6.0/stm32cubeide/plugins/com.st.stm32cube.ide.mcu.externaltools.gnu-tools-for-stm32.9-2020-q2-update.win32_1.5.0.202011040924/tools/bin/../lib/gcc/arm-none-eabi/9.3.1/../../../../arm-none-eabi/lib/thumb/v7-m/nofp\libc_nano.a(lib_a-writer.o)
 .ARM.attributes
                0x000000000000093d       0x2d c:/st/stm32cubeide_1.6.0/stm32cubeide/plugins/com.st.stm32cube.ide.mcu.externaltools.gnu-tools-for-stm32.9-2020-q2-update.win32_1.5.0.202011040924/tools/bin/../lib/gcc/arm-none-eabi/9.3.1/../../../../arm-none-eabi/lib/thumb/v7-m/nofp\libc_nano.a(lib_a-abort.o)
 .ARM.attributes
                0x000000000000096a       0x2d c:/st/stm32cubeide_1.6.0/stm32cubeide/plugins/com.st.stm32cube.ide.mcu.externaltools.gnu-tools-for-stm32.9-2020-q2-update.win32_1.5.0.202011040924/tools/bin/../lib/gcc/arm-none-eabi/9.3.1/../../../../arm-none-eabi/lib/thumb/v7-m/nofp\libc_nano.a(lib_a-closer.o)
 .ARM.attributes
                0x0000000000000997       0x2d c:/st/stm32cubeide_1.6.0/stm32cubeide/plugins/com.st.stm32cube.ide.mcu.externaltools.gnu-tools-for-stm32.9-2020-q2-update.win32_1.5.0.202011040924/tools/bin/../lib/gcc/arm-none-eabi/9.3.1/../../../../arm-none-eabi/lib/thumb/v7-m/nofp\libc_nano.a(lib_a-fstatr.o)
 .ARM.attributes
                0x00000000000009c4       0x2d c:/st/stm32cubeide_1.6.0/stm32cubeide/plugins/com.st.stm32cube.ide.mcu.externaltools.gnu-tools-for-stm32.9-2020-q2-update.win32_1.5.0.202011040924/tools/bin/../lib/gcc/arm-none-eabi/9.3.1/../../../../arm-none-eabi/lib/thumb/v7-m/nofp\libc_nano.a(lib_a-isattyr.o)
 .ARM.attributes
                0x00000000000009f1       0x2d c:/st/stm32cubeide_1.6.0/stm32cubeide/plugins/com.st.stm32cube.ide.mcu.externaltools.gnu-tools-for-stm32.9-2020-q2-update.win32_1.5.0.202011040924/tools/bin/../lib/gcc/arm-none-eabi/9.3.1/../../../../arm-none-eabi/lib/thumb/v7-m/nofp\libc_nano.a(lib_a-lseekr.o)
 .ARM.attributes
                0x0000000000000a1e       0x2d c:/st/stm32cubeide_1.6.0/stm32cubeide/plugins/com.st.stm32cube.ide.mcu.externaltools.gnu-tools-for-stm32.9-2020-q2-update.win32_1.5.0.202011040924/tools/bin/../lib/gcc/arm-none-eabi/9.3.1/../../../../arm-none-eabi/lib/thumb/v7-m/nofp\libc_nano.a(lib_a-memchr-stub.o)
 .ARM.attributes
                0x0000000000000a4b       0x2d c:/st/stm32cubeide_1.6.0/stm32cubeide/plugins/com.st.stm32cube.ide.mcu.externaltools.gnu-tools-for-stm32.9-2020-q2-update.win32_1.5.0.202011040924/tools/bin/../lib/gcc/arm-none-eabi/9.3.1/../../../../arm-none-eabi/lib/thumb/v7-m/nofp\libc_nano.a(lib_a-mlock.o)
 .ARM.attributes
                0x0000000000000a78       0x2d c:/st/stm32cubeide_1.6.0/stm32cubeide/plugins/com.st.stm32cube.ide.mcu.externaltools.gnu-tools-for-stm32.9-2020-q2-update.win32_1.5.0.202011040924/tools/bin/../lib/gcc/arm-none-eabi/9.3.1/../../../../arm-none-eabi/lib/thumb/v7-m/nofp\libc_nano.a(lib_a-readr.o)
 .ARM.attributes
                0x0000000000000aa5       0x2d c:/st/stm32cubeide_1.6.0/stm32cubeide/plugins/com.st.stm32cube.ide.mcu.externaltools.gnu-tools-for-stm32.9-2020-q2-update.win32_1.5.0.202011040924/tools/bin/../lib/gcc/arm-none-eabi/9.3.1/../../../../arm-none-eabi/lib/thumb/v7-m/nofp\libc_nano.a(lib_a-reent.o)
 .ARM.attributes
                0x0000000000000ad2       0x2d c:/st/stm32cubeide_1.6.0/stm32cubeide/plugins/com.st.stm32cube.ide.mcu.externaltools.gnu-tools-for-stm32.9-2020-q2-update.win32_1.5.0.202011040924/tools/bin/../lib/gcc/arm-none-eabi/9.3.1/../../../../arm-none-eabi/lib/thumb/v7-m/nofp\libc_nano.a(lib_a-signal.o)
 .ARM.attributes
                0x0000000000000aff       0x2d c:/st/stm32cubeide_1.6.0/stm32cubeide/plugins/com.st.stm32cube.ide.mcu.externaltools.gnu-tools-for-stm32.9-2020-q2-update.win32_1.5.0.202011040924/tools/bin/../lib/gcc/arm-none-eabi/9.3.1/../../../../arm-none-eabi/lib/thumb/v7-m/nofp\libc_nano.a(lib_a-signalr.o)
 .ARM.attributes
                0x0000000000000b2c       0x1d c:/st/stm32cubeide_1.6.0/stm32cubeide/plugins/com.st.stm32cube.ide.mcu.externaltools.gnu-tools-for-stm32.9-2020-q2-update.win32_1.5.0.202011040924/tools/bin/../lib/gcc/arm-none-eabi/9.3.1/thumb/v7-m/nofp/crtn.o
OUTPUT(st7735test.elf elf32-littlearm)
LOAD linker stubs
LOAD c:/st/stm32cubeide_1.6.0/stm32cubeide/plugins/com.st.stm32cube.ide.mcu.externaltools.gnu-tools-for-stm32.9-2020-q2-update.win32_1.5.0.202011040924/tools/bin/../lib/gcc/arm-none-eabi/9.3.1/../../../../arm-none-eabi/lib/thumb/v7-m/nofp\libc.a
LOAD c:/st/stm32cubeide_1.6.0/stm32cubeide/plugins/com.st.stm32cube.ide.mcu.externaltools.gnu-tools-for-stm32.9-2020-q2-update.win32_1.5.0.202011040924/tools/bin/../lib/gcc/arm-none-eabi/9.3.1/../../../../arm-none-eabi/lib/thumb/v7-m/nofp\libm.a
LOAD c:/st/stm32cubeide_1.6.0/stm32cubeide/plugins/com.st.stm32cube.ide.mcu.externaltools.gnu-tools-for-stm32.9-2020-q2-update.win32_1.5.0.202011040924/tools/bin/../lib/gcc/arm-none-eabi/9.3.1/thumb/v7-m/nofp\libgcc.a

.debug_info     0x0000000000000000    0x1172d
 .debug_info    0x0000000000000000     0x1371 Core/Src/App/appLcdSpeedTest.o
 .debug_info    0x0000000000001371      0x204 Core/Src/App/beer_60x100_16.o
 .debug_info    0x0000000000001575      0x157 Core/Src/Lcd/Fonts/font12.o
 .debug_info    0x00000000000016cc      0x156 Core/Src/Lcd/Fonts/font16.o
 .debug_info    0x0000000000001822      0x156 Core/Src/Lcd/Fonts/font20.o
 .debug_info    0x0000000000001978      0x156 Core/Src/Lcd/Fonts/font8.o
 .debug_info    0x0000000000001ace     0x184a Core/Src/Lcd/lcd_io_spi.o
 .debug_info    0x0000000000003318     0x1114 Core/Src/Lcd/st7735.o
 .debug_info    0x000000000000442c     0x12b2 Core/Src/Lcd/stm32_adafruit_lcd.o
 .debug_info    0x00000000000056de     0x1812 Core/Src/main.o
 .debug_info    0x0000000000006ef0      0x562 Core/Src/stm32f1xx_hal_msp.o
 .debug_info    0x0000000000007452      0xa19 Core/Src/stm32f1xx_hal_timebase_tim.o
 .debug_info    0x0000000000007e6b      0x7b4 Core/Src/stm32f1xx_it.o
 .debug_info    0x000000000000861f      0xfb4 Core/Src/syscalls.o
 .debug_info    0x00000000000095d3      0xa25 Core/Src/sysmem.o
 .debug_info    0x0000000000009ff8      0x2be Core/Src/system_stm32f1xx.o
 .debug_info    0x000000000000a2b6       0x22 Core/Startup/startup_stm32f103c8tx.o
 .debug_info    0x000000000000a2d8      0x76a Drivers/STM32F1xx_HAL_Driver/Src/stm32f1xx_hal.o
 .debug_info    0x000000000000aa42      0xbdc Drivers/STM32F1xx_HAL_Driver/Src/stm32f1xx_hal_cortex.o
 .debug_info    0x000000000000b61e      0x730 Drivers/STM32F1xx_HAL_Driver/Src/stm32f1xx_hal_pwr.o
 .debug_info    0x000000000000bd4e      0x88e Drivers/STM32F1xx_HAL_Driver/Src/stm32f1xx_hal_rcc.o
 .debug_info    0x000000000000c5dc      0x480 Drivers/STM32F1xx_HAL_Driver/Src/stm32f1xx_hal_rcc_ex.o
 .debug_info    0x000000000000ca5c      0xdf9 Drivers/STM32F1xx_HAL_Driver/Src/stm32f1xx_hal_rtc.o
 .debug_info    0x000000000000d855     0x2a43 Drivers/STM32F1xx_HAL_Driver/Src/stm32f1xx_hal_tim.o
 .debug_info    0x0000000000010298     0x1495 Drivers/STM32F1xx_HAL_Driver/Src/stm32f1xx_hal_tim_ex.o
